Archive member included to satisfy reference by file (symbol)

C:\Users\vsaon\OneDrive\Documents\LabThermics\cybersecurity\cryptotest-sw-lt100\original_Test_STM32_CryptoLib\Test_STM32_CryptoLib\Middlewares\ST\STM32_Cryptographic\lib\libSTM32Cryptographic_CM4.a(cmox_cbc_aesfast_decrypt.c.o)
                              ./Core/Src/main.o (CMOX_AESFAST_CBC_DEC_ALGO)
C:\Users\vsaon\OneDrive\Documents\LabThermics\cybersecurity\cryptotest-sw-lt100\original_Test_STM32_CryptoLib\Test_STM32_CryptoLib\Middlewares\ST\STM32_Cryptographic\lib\libSTM32Cryptographic_CM4.a(cmox_cbc_aesfast_encrypt.c.o)
                              ./Core/Src/main.o (CMOX_AESFAST_CBC_ENC_ALGO)
C:\Users\vsaon\OneDrive\Documents\LabThermics\cybersecurity\cryptotest-sw-lt100\original_Test_STM32_CryptoLib\Test_STM32_CryptoLib\Middlewares\ST\STM32_Cryptographic\lib\libSTM32Cryptographic_CM4.a(cmox_cbc_common.c.o)
                              C:\Users\vsaon\OneDrive\Documents\LabThermics\cybersecurity\cryptotest-sw-lt100\original_Test_STM32_CryptoLib\Test_STM32_CryptoLib\Middlewares\ST\STM32_Cryptographic\lib\libSTM32Cryptographic_CM4.a(cmox_cbc_aesfast_decrypt.c.o) (cmox_cbc_construct)
C:\Users\vsaon\OneDrive\Documents\LabThermics\cybersecurity\cryptotest-sw-lt100\original_Test_STM32_CryptoLib\Test_STM32_CryptoLib\Middlewares\ST\STM32_Cryptographic\lib\libSTM32Cryptographic_CM4.a(cmox_cbc_decrypt.c.o)
                              C:\Users\vsaon\OneDrive\Documents\LabThermics\cybersecurity\cryptotest-sw-lt100\original_Test_STM32_CryptoLib\Test_STM32_CryptoLib\Middlewares\ST\STM32_Cryptographic\lib\libSTM32Cryptographic_CM4.a(cmox_cbc_aesfast_decrypt.c.o) (cmox_cbcDecrypt_construct)
C:\Users\vsaon\OneDrive\Documents\LabThermics\cybersecurity\cryptotest-sw-lt100\original_Test_STM32_CryptoLib\Test_STM32_CryptoLib\Middlewares\ST\STM32_Cryptographic\lib\libSTM32Cryptographic_CM4.a(cmox_cbc_encrypt.c.o)
                              C:\Users\vsaon\OneDrive\Documents\LabThermics\cybersecurity\cryptotest-sw-lt100\original_Test_STM32_CryptoLib\Test_STM32_CryptoLib\Middlewares\ST\STM32_Cryptographic\lib\libSTM32Cryptographic_CM4.a(cmox_cbc_aesfast_encrypt.c.o) (cmox_cbcEncrypt_construct)
C:\Users\vsaon\OneDrive\Documents\LabThermics\cybersecurity\cryptotest-sw-lt100\original_Test_STM32_CryptoLib\Test_STM32_CryptoLib\Middlewares\ST\STM32_Cryptographic\lib\libSTM32Cryptographic_CM4.a(cmox_cipher.c.o)
                              ./Core/Src/main.o (cmox_cipher_decrypt)
C:\Users\vsaon\OneDrive\Documents\LabThermics\cybersecurity\cryptotest-sw-lt100\original_Test_STM32_CryptoLib\Test_STM32_CryptoLib\Middlewares\ST\STM32_Cryptographic\lib\libSTM32Cryptographic_CM4.a(cmox_cipher_modes.c.o)
                              C:\Users\vsaon\OneDrive\Documents\LabThermics\cybersecurity\cryptotest-sw-lt100\original_Test_STM32_CryptoLib\Test_STM32_CryptoLib\Middlewares\ST\STM32_Cryptographic\lib\libSTM32Cryptographic_CM4.a(cmox_cbc_common.c.o) (cmox_cipherMode_init)
C:\Users\vsaon\OneDrive\Documents\LabThermics\cybersecurity\cryptotest-sw-lt100\original_Test_STM32_CryptoLib\Test_STM32_CryptoLib\Middlewares\ST\STM32_Cryptographic\lib\libSTM32Cryptographic_CM4.a(cmox_cipher_utils.c.o)
                              C:\Users\vsaon\OneDrive\Documents\LabThermics\cybersecurity\cryptotest-sw-lt100\original_Test_STM32_CryptoLib\Test_STM32_CryptoLib\Middlewares\ST\STM32_Cryptographic\lib\libSTM32Cryptographic_CM4.a(cmox_cbc_decrypt.c.o) (convert_block_2_bytes)
C:\Users\vsaon\OneDrive\Documents\LabThermics\cybersecurity\cryptotest-sw-lt100\original_Test_STM32_CryptoLib\Test_STM32_CryptoLib\Middlewares\ST\STM32_Cryptographic\lib\libSTM32Cryptographic_CM4.a(cmox_hmac_sha256.c.o)
                              ./Core/Src/main.o (CMOX_HMAC_SHA256_ALGO)
C:\Users\vsaon\OneDrive\Documents\LabThermics\cybersecurity\cryptotest-sw-lt100\original_Test_STM32_CryptoLib\Test_STM32_CryptoLib\Middlewares\ST\STM32_Cryptographic\lib\libSTM32Cryptographic_CM4.a(cmox_init.c.o)
                              C:\Users\vsaon\OneDrive\Documents\LabThermics\cybersecurity\cryptotest-sw-lt100\original_Test_STM32_CryptoLib\Test_STM32_CryptoLib\Middlewares\ST\STM32_Cryptographic\lib\libSTM32Cryptographic_CM4.a(cmox_cipher_modes.c.o) (cmox_init_ctxi)
C:\Users\vsaon\OneDrive\Documents\LabThermics\cybersecurity\cryptotest-sw-lt100\original_Test_STM32_CryptoLib\Test_STM32_CryptoLib\Middlewares\ST\STM32_Cryptographic\lib\libSTM32Cryptographic_CM4.a(cmox_mac.c.o)
                              ./Core/Src/main.o (cmox_mac_compute)
C:\Users\vsaon\OneDrive\Documents\LabThermics\cybersecurity\cryptotest-sw-lt100\original_Test_STM32_CryptoLib\Test_STM32_CryptoLib\Middlewares\ST\STM32_Cryptographic\lib\libSTM32Cryptographic_CM4.a(cmox_sha256.c.o)
                              C:\Users\vsaon\OneDrive\Documents\LabThermics\cybersecurity\cryptotest-sw-lt100\original_Test_STM32_CryptoLib\Test_STM32_CryptoLib\Middlewares\ST\STM32_Cryptographic\lib\libSTM32Cryptographic_CM4.a(cmox_hmac_sha256.c.o) (cmox_sha256_construct)
[...]
Memory Configuration

Name             Origin             Length             Attributes
RAM              0x20000000         0x00018000         xrw
FLASH            0x08000000         0x00080000         xr
*default*        0x00000000         0xffffffff

Linker script and memory map

LOAD C:/ST/STM32CubeIDE_1.15.1/STM32CubeIDE/plugins/com.st.stm32cube.ide.mcu.externaltools.gnu-tools-for-stm32.13.3.rel1.win32_1.0.0.202411081344/tools/bin/../lib/gcc/arm-none-eabi/13.3.1/thumb/v7e-m+fp/hard/crti.o
LOAD C:/ST/STM32CubeIDE_1.15.1/STM32CubeIDE/plugins/com.st.stm32cube.ide.mcu.externaltools.gnu-tools-for-stm32.13.3.rel1.win32_1.0.0.202411081344/tools/bin/../lib/gcc/arm-none-eabi/13.3.1/thumb/v7e-m+fp/hard/crtbegin.o
LOAD C:/ST/STM32CubeIDE_1.15.1/STM32CubeIDE/plugins/com.st.stm32cube.ide.mcu.externaltools.gnu-tools-for-stm32.13.3.rel1.win32_1.0.0.202411081344/tools/bin/../lib/gcc/arm-none-eabi/13.3.1/../../../../arm-none-eabi/lib/thumb/v7e-m+fp/hard/crt0.o
LOAD ./Core/Src/cmox_low_level.o
LOAD ./Core/Src/main.o
LOAD ./Core/Src/stm32f4xx_hal_msp.o
LOAD ./Core/Src/stm32f4xx_it.o
LOAD ./Core/Src/syscalls.o
LOAD ./Core/Src/sysmem.o
LOAD ./Core/Src/system_stm32f4xx.o
LOAD ./Core/Startup/startup_stm32f401retx.o
LOAD ./Drivers/STM32F4xx_HAL_Driver/Src/stm32f4xx_hal.o
LOAD ./Drivers/STM32F4xx_HAL_Driver/Src/stm32f4xx_hal_cortex.o
LOAD ./Drivers/STM32F4xx_HAL_Driver/Src/stm32f4xx_hal_crc.o
LOAD ./Drivers/STM32F4xx_HAL_Driver/Src/stm32f4xx_hal_dma.o
LOAD ./Drivers/STM32F4xx_HAL_Driver/Src/stm32f4xx_hal_dma_ex.o
LOAD ./Drivers/STM32F4xx_HAL_Driver/Src/stm32f4xx_hal_exti.o
LOAD ./Drivers/STM32F4xx_HAL_Driver/Src/stm32f4xx_hal_flash.o
LOAD ./Drivers/STM32F4xx_HAL_Driver/Src/stm32f4xx_hal_flash_ex.o
LOAD ./Drivers/STM32F4xx_HAL_Driver/Src/stm32f4xx_hal_flash_ramfunc.o
LOAD ./Drivers/STM32F4xx_HAL_Driver/Src/stm32f4xx_hal_gpio.o
LOAD ./Drivers/STM32F4xx_HAL_Driver/Src/stm32f4xx_hal_pwr.o
LOAD ./Drivers/STM32F4xx_HAL_Driver/Src/stm32f4xx_hal_pwr_ex.o
LOAD ./Drivers/STM32F4xx_HAL_Driver/Src/stm32f4xx_hal_rcc.o
LOAD ./Drivers/STM32F4xx_HAL_Driver/Src/stm32f4xx_hal_rcc_ex.o
LOAD ./Drivers/STM32F4xx_HAL_Driver/Src/stm32f4xx_hal_uart.o
LOAD C:\Users\vsaon\OneDrive\Documents\LabThermics\cybersecurity\cryptotest-sw-lt100\original_Test_STM32_CryptoLib\Test_STM32_CryptoLib\Middlewares\ST\STM32_Cryptographic\lib\libSTM32Cryptographic_CM4.a
START GROUP
LOAD C:/ST/STM32CubeIDE_1.15.1/STM32CubeIDE/plugins/com.st.stm32cube.ide.mcu.externaltools.gnu-tools-for-stm32.13.3.rel1.win32_1.0.0.202411081344/tools/bin/../lib/gcc/arm-none-eabi/13.3.1/../../../../arm-none-eabi/lib/thumb/v7e-m+fp/hard\libc_nano.a
LOAD C:/ST/STM32CubeIDE_1.15.1/STM32CubeIDE/plugins/com.st.stm32cube.ide.mcu.externaltools.gnu-tools-for-stm32.13.3.rel1.win32_1.0.0.202411081344/tools/bin/../lib/gcc/arm-none-eabi/13.3.1/../../../../arm-none-eabi/lib/thumb/v7e-m+fp/hard\libm.a
END GROUP
START GROUP
LOAD C:/ST/STM32CubeIDE_1.15.1/STM32CubeIDE/plugins/com.st.stm32cube.ide.mcu.externaltools.gnu-tools-for-stm32.13.3.rel1.win32_1.0.0.202411081344/tools/bin/../lib/gcc/arm-none-eabi/13.3.1/thumb/v7e-m+fp/hard\libgcc.a
LOAD C:/ST/STM32CubeIDE_1.15.1/STM32CubeIDE/plugins/com.st.stm32cube.ide.mcu.externaltools.gnu-tools-for-stm32.13.3.rel1.win32_1.0.0.202411081344/tools/bin/../lib/gcc/arm-none-eabi/13.3.1/../../../../arm-none-eabi/lib/thumb/v7e-m+fp/hard\libc_nano.a
END GROUP
START GROUP
LOAD C:/ST/STM32CubeIDE_1.15.1/STM32CubeIDE/plugins/com.st.stm32cube.ide.mcu.externaltools.gnu-tools-for-stm32.13.3.rel1.win32_1.0.0.202411081344/tools/bin/../lib/gcc/arm-none-eabi/13.3.1/thumb/v7e-m+fp/hard\libgcc.a
LOAD C:/ST/STM32CubeIDE_1.15.1/STM32CubeIDE/plugins/com.st.stm32cube.ide.mcu.externaltools.gnu-tools-for-stm32.13.3.rel1.win32_1.0.0.202411081344/tools/bin/../lib/gcc/arm-none-eabi/13.3.1/../../../../arm-none-eabi/lib/thumb/v7e-m+fp/hard\libc_nano.a
LOAD C:/ST/STM32CubeIDE_1.15.1/STM32CubeIDE/plugins/com.st.stm32cube.ide.mcu.externaltools.gnu-tools-for-stm32.13.3.rel1.win32_1.0.0.202411081344/tools/bin/../lib/gcc/arm-none-eabi/13.3.1/../../../../arm-none-eabi/lib/thumb/v7e-m+fp/hard\libnosys.a
END GROUP
START GROUP
LOAD C:/ST/STM32CubeIDE_1.15.1/STM32CubeIDE/plugins/com.st.stm32cube.ide.mcu.externaltools.gnu-tools-for-stm32.13.3.rel1.win32_1.0.0.202411081344/tools/bin/../lib/gcc/arm-none-eabi/13.3.1/thumb/v7e-m+fp/hard\libgcc.a
LOAD C:/ST/STM32CubeIDE_1.15.1/STM32CubeIDE/plugins/com.st.stm32cube.ide.mcu.externaltools.gnu-tools-for-stm32.13.3.rel1.win32_1.0.0.202411081344/tools/bin/../lib/gcc/arm-none-eabi/13.3.1/../../../../arm-none-eabi/lib/thumb/v7e-m+fp/hard\libc_nano.a
LOAD C:/ST/STM32CubeIDE_1.15.1/STM32CubeIDE/plugins/com.st.stm32cube.ide.mcu.externaltools.gnu-tools-for-stm32.13.3.rel1.win32_1.0.0.202411081344/tools/bin/../lib/gcc/arm-none-eabi/13.3.1/../../../../arm-none-eabi/lib/thumb/v7e-m+fp/hard\libnosys.a
END GROUP
LOAD C:/ST/STM32CubeIDE_1.15.1/STM32CubeIDE/plugins/com.st.stm32cube.ide.mcu.externaltools.gnu-tools-for-stm32.13.3.rel1.win32_1.0.0.202411081344/tools/bin/../lib/gcc/arm-none-eabi/13.3.1/thumb/v7e-m+fp/hard/crtend.o
LOAD C:/ST/STM32CubeIDE_1.15.1/STM32CubeIDE/plugins/com.st.stm32cube.ide.mcu.externaltools.gnu-tools-for-stm32.13.3.rel1.win32_1.0.0.202411081344/tools/bin/../lib/gcc/arm-none-eabi/13.3.1/thumb/v7e-m+fp/hard/crtn.o
                0x20018000                        _estack = (ORIGIN (RAM) + LENGTH (RAM))
                0x00000200                        _Min_Heap_Size = 0x200
                0x00000200                        _Min_Stack_Size = 0x200

.isr_vector     0x08000000      0x194
                0x08000000                        . = ALIGN (0x4)
 *(.isr_vector)
 .isr_vector    0x08000000      0x194 ./Core/Startup/startup_stm32f401retx.o
                0x08000000                g_pfnVectors
                0x08000194                        . = ALIGN (0x4)

.text           0x080001a0     0x6428
                0x080001a0                        . = ALIGN (0x4)
 *(.text)
 .text          0x080001a0       0x40 C:/ST/STM32CubeIDE_1.15.1/STM32CubeIDE/plugins/com.st.stm32cube.ide.mcu.externaltools.gnu-tools-for-stm32.13.3.rel1.win32_1.0.0.202411081344/tools/bin/../lib/gcc/arm-none-eabi/13.3.1/thumb/v7e-m+fp/hard/crtbegin.o
 .text          0x080001e0       0x40 C:\Users\vsaon\OneDrive\Documents\LabThermics\cybersecurity\cryptotest-sw-lt100\original_Test_STM32_CryptoLib\Test_STM32_CryptoLib\Middlewares\ST\STM32_Cryptographic\lib\libSTM32Cryptographic_CM4.a(cmox_cbc_aesfast_decrypt.c.o)
 .text          0x08000220       0x40 C:\Users\vsaon\OneDrive\Documents\LabThermics\cybersecurity\cryptotest-sw-lt100\original_Test_STM32_CryptoLib\Test_STM32_CryptoLib\Middlewares\ST\STM32_Cryptographic\lib\libSTM32Cryptographic_CM4.a(cmox_cbc_aesfast_encrypt.c.o)
 .text          0x08000260        0xa C:\Users\vsaon\OneDrive\Documents\LabThermics\cybersecurity\cryptotest-sw-lt100\original_Test_STM32_CryptoLib\Test_STM32_CryptoLib\Middlewares\ST\STM32_Cryptographic\lib\libSTM32Cryptographic_CM4.a(cmox_cbc_common.c.o)
                0x08000260                cmox_cbc_getByCipher
 *fill*         0x0800026a        0x2 
 .text          0x0800026c       0x20 C:\Users\vsaon\OneDrive\Documents\LabThermics\cybersecurity\cryptotest-sw-lt100\original_Test_STM32_CryptoLib\Test_STM32_CryptoLib\Middlewares\ST\STM32_Cryptographic\lib\libSTM32Cryptographic_CM4.a(cmox_cbc_common.c.o)
                0x0800026c                cmox_cbc_cleanup
 .text          0x0800028c       0x24 C:\Users\vsaon\OneDrive\Documents\LabThermics\cybersecurity\cryptotest-sw-lt100\original_Test_STM32_CryptoLib\Test_STM32_CryptoLib\Middlewares\ST\STM32_Cryptographic\lib\libSTM32Cryptographic_CM4.a(cmox_cbc_common.c.o)
                0x0800028c                cmox_cbc_init
 .text          0x080002b0       0x28 C:\Users\vsaon\OneDrive\Documents\LabThermics\cybersecurity\cryptotest-sw-lt100\original_Test_STM32_CryptoLib\Test_STM32_CryptoLib\Middlewares\ST\STM32_Cryptographic\lib\libSTM32Cryptographic_CM4.a(cmox_cbc_common.c.o)
                0x080002b0                cmox_cbc_setKey
 .text          0x080002d8       0x34 C:\Users\vsaon\OneDrive\Documents\LabThermics\cybersecurity\cryptotest-sw-lt100\original_Test_STM32_CryptoLib\Test_STM32_CryptoLib\Middlewares\ST\STM32_Cryptographic\lib\libSTM32Cryptographic_CM4.a(cmox_cbc_common.c.o)
                0x080002d8                cmox_cbc_setIV
 .text          0x0800030c        0xa C:\Users\vsaon\OneDrive\Documents\LabThermics\cybersecurity\cryptotest-sw-lt100\original_Test_STM32_CryptoLib\Test_STM32_CryptoLib\Middlewares\ST\STM32_Cryptographic\lib\libSTM32Cryptographic_CM4.a(cmox_cbc_common.c.o)
                0x0800030c                cmox_cbc_construct
 *fill*         0x08000316        0x2 
 .text          0x08000318        0xc C:\Users\vsaon\OneDrive\Documents\LabThermics\cybersecurity\cryptotest-sw-lt100\original_Test_STM32_CryptoLib\Test_STM32_CryptoLib\Middlewares\ST\STM32_Cryptographic\lib\libSTM32Cryptographic_CM4.a(cmox_cbc_decrypt.c.o)
 .text          0x08000324        0xc C:\Users\vsaon\OneDrive\Documents\LabThermics\cybersecurity\cryptotest-sw-lt100\original_Test_STM32_CryptoLib\Test_STM32_CryptoLib\Middlewares\ST\STM32_Cryptographic\lib\libSTM32Cryptographic_CM4.a(cmox_cbc_decrypt.c.o)
 .text          0x08000330        0xc C:\Users\vsaon\OneDrive\Documents\LabThermics\cybersecurity\cryptotest-sw-lt100\original_Test_STM32_CryptoLib\Test_STM32_CryptoLib\Middlewares\ST\STM32_Cryptographic\lib\libSTM32Cryptographic_CM4.a(cmox_cbc_decrypt.c.o)
 .text          0x0800033c        0xc C:\Users\vsaon\OneDrive\Documents\LabThermics\cybersecurity\cryptotest-sw-lt100\original_Test_STM32_CryptoLib\Test_STM32_CryptoLib\Middlewares\ST\STM32_Cryptographic\lib\libSTM32Cryptographic_CM4.a(cmox_cbc_decrypt.c.o)
 .text          0x08000348       0x10 C:\Users\vsaon\OneDrive\Documents\LabThermics\cybersecurity\cryptotest-sw-lt100\original_Test_STM32_CryptoLib\Test_STM32_CryptoLib\Middlewares\ST\STM32_Cryptographic\lib\libSTM32Cryptographic_CM4.a(cmox_cbc_decrypt.c.o)
                0x08000348                cmox_cbcDecrypt_construct
 .text          0x08000358      0x1e4 C:\Users\vsaon\OneDrive\Documents\LabThermics\cybersecurity\cryptotest-sw-lt100\original_Test_STM32_CryptoLib\Test_STM32_CryptoLib\Middlewares\ST\STM32_Cryptographic\lib\libSTM32Cryptographic_CM4.a(cmox_cbc_decrypt.c.o)
 .text          0x0800053c        0xc C:\Users\vsaon\OneDrive\Documents\LabThermics\cybersecurity\cryptotest-sw-lt100\original_Test_STM32_CryptoLib\Test_STM32_CryptoLib\Middlewares\ST\STM32_Cryptographic\lib\libSTM32Cryptographic_CM4.a(cmox_cbc_encrypt.c.o)
 .text          0x08000548        0xc C:\Users\vsaon\OneDrive\Documents\LabThermics\cybersecurity\cryptotest-sw-lt100\original_Test_STM32_CryptoLib\Test_STM32_CryptoLib\Middlewares\ST\STM32_Cryptographic\lib\libSTM32Cryptographic_CM4.a(cmox_cbc_encrypt.c.o)
 .text          0x08000554        0xc C:\Users\vsaon\OneDrive\Documents\LabThermics\cybersecurity\cryptotest-sw-lt100\original_Test_STM32_CryptoLib\Test_STM32_CryptoLib\Middlewares\ST\STM32_Cryptographic\lib\libSTM32Cryptographic_CM4.a(cmox_cbc_encrypt.c.o)
 .text          0x08000560        0xc C:\Users\vsaon\OneDrive\Documents\LabThermics\cybersecurity\cryptotest-sw-lt100\original_Test_STM32_CryptoLib\Test_STM32_CryptoLib\Middlewares\ST\STM32_Cryptographic\lib\libSTM32Cryptographic_CM4.a(cmox_cbc_encrypt.c.o)
 .text          0x0800056c      0x16c C:\Users\vsaon\OneDrive\Documents\LabThermics\cybersecurity\cryptotest-sw-lt100\original_Test_STM32_CryptoLib\Test_STM32_CryptoLib\Middlewares\ST\STM32_Cryptographic\lib\libSTM32Cryptographic_CM4.a(cmox_cbc_encrypt.c.o)
 .text          0x080006d8       0x10 C:\Users\vsaon\OneDrive\Documents\LabThermics\cybersecurity\cryptotest-sw-lt100\original_Test_STM32_CryptoLib\Test_STM32_CryptoLib\Middlewares\ST\STM32_Cryptographic\lib\libSTM32Cryptographic_CM4.a(cmox_cbc_encrypt.c.o)
                0x080006d8                cmox_cbcEncrypt_construct
 .text          0x080006e8       0x58 C:\Users\vsaon\OneDrive\Documents\LabThermics\cybersecurity\cryptotest-sw-lt100\original_Test_STM32_CryptoLib\Test_STM32_CryptoLib\Middlewares\ST\STM32_Cryptographic\lib\libSTM32Cryptographic_CM4.a(cmox_cipher.c.o)
                0x080006e8                cmox_cipher_encrypt
 .text          0x08000740       0x58 C:\Users\vsaon\OneDrive\Documents\LabThermics\cybersecurity\cryptotest-sw-lt100\original_Test_STM32_CryptoLib\Test_STM32_CryptoLib\Middlewares\ST\STM32_Cryptographic\lib\libSTM32Cryptographic_CM4.a(cmox_cipher.c.o)
                0x08000740                cmox_cipher_decrypt
 .text          0x08000798       0x64 C:\Users\vsaon\OneDrive\Documents\LabThermics\cybersecurity\cryptotest-sw-lt100\original_Test_STM32_CryptoLib\Test_STM32_CryptoLib\Middlewares\ST\STM32_Cryptographic\lib\libSTM32Cryptographic_CM4.a(cmox_cipher.c.o)
                0x08000798                cmox_cipher_innerCompute
 .text          0x080007fc        0xe C:\Users\vsaon\OneDrive\Documents\LabThermics\cybersecurity\cryptotest-sw-lt100\original_Test_STM32_CryptoLib\Test_STM32_CryptoLib\Middlewares\ST\STM32_Cryptographic\lib\libSTM32Cryptographic_CM4.a(cmox_cipher_modes.c.o)
                0x080007fc                cmox_cipherMode_init
 *fill*         0x0800080a        0x2 
 .text          0x0800080c      0x3c8 C:\Users\vsaon\OneDrive\Documents\LabThermics\cybersecurity\cryptotest-sw-lt100\original_Test_STM32_CryptoLib\Test_STM32_CryptoLib\Middlewares\ST\STM32_Cryptographic\lib\libSTM32Cryptographic_CM4.a(cmox_cipher_modes.c.o)
                0x0800080c                cmox_cipherMode_setKey
 .text          0x08000bd4       0x38 C:\Users\vsaon\OneDrive\Documents\LabThermics\cybersecurity\cryptotest-sw-lt100\original_Test_STM32_CryptoLib\Test_STM32_CryptoLib\Middlewares\ST\STM32_Cryptographic\lib\libSTM32Cryptographic_CM4.a(cmox_cipher_modes.c.o)
                0x08000bd4                cmox_cipherMode_setIV
 .text          0x08000c0c        0x6 C:\Users\vsaon\OneDrive\Documents\LabThermics\cybersecurity\cryptotest-sw-lt100\original_Test_STM32_CryptoLib\Test_STM32_CryptoLib\Middlewares\ST\STM32_Cryptographic\lib\libSTM32Cryptographic_CM4.a(cmox_cipher_modes.c.o)
                0x08000c0c                cmox_cipher_setTagLen_empty
 .text          0x08000c12        0x6 C:\Users\vsaon\OneDrive\Documents\LabThermics\cybersecurity\cryptotest-sw-lt100\original_Test_STM32_CryptoLib\Test_STM32_CryptoLib\Middlewares\ST\STM32_Cryptographic\lib\libSTM32Cryptographic_CM4.a(cmox_cipher_modes.c.o)
                0x08000c12                cmox_cipher_setPayloadLen_empty
 .text          0x08000c18        0x6 C:\Users\vsaon\OneDrive\Documents\LabThermics\cybersecurity\cryptotest-sw-lt100\original_Test_STM32_CryptoLib\Test_STM32_CryptoLib\Middlewares\ST\STM32_Cryptographic\lib\libSTM32Cryptographic_CM4.a(cmox_cipher_modes.c.o)
                0x08000c18                cmox_cipher_setADLen_empty
 .text          0x08000c1e        0x6 C:\Users\vsaon\OneDrive\Documents\LabThermics\cybersecurity\cryptotest-sw-lt100\original_Test_STM32_CryptoLib\Test_STM32_CryptoLib\Middlewares\ST\STM32_Cryptographic\lib\libSTM32Cryptographic_CM4.a(cmox_cipher_modes.c.o)
                0x08000c1e                cmox_cipher_appendAD_empty
 .text          0x08000c24        0x8 C:\Users\vsaon\OneDrive\Documents\LabThermics\cybersecurity\cryptotest-sw-lt100\original_Test_STM32_CryptoLib\Test_STM32_CryptoLib\Middlewares\ST\STM32_Cryptographic\lib\libSTM32Cryptographic_CM4.a(cmox_cipher_modes.c.o)
                0x08000c24                cmox_cipher_generateTag_empty
 .text          0x08000c2c        0x8 C:\Users\vsaon\OneDrive\Documents\LabThermics\cybersecurity\cryptotest-sw-lt100\original_Test_STM32_CryptoLib\Test_STM32_CryptoLib\Middlewares\ST\STM32_Cryptographic\lib\libSTM32Cryptographic_CM4.a(cmox_cipher_modes.c.o)
                0x08000c2c                cmox_cipher_verifyTag_empty
 .text          0x08000c34        0x8 C:\Users\vsaon\OneDrive\Documents\LabThermics\cybersecurity\cryptotest-sw-lt100\original_Test_STM32_CryptoLib\Test_STM32_CryptoLib\Middlewares\ST\STM32_Cryptographic\lib\libSTM32Cryptographic_CM4.a(cmox_cipher_modes.c.o)
 .text          0x08000c3c       0x28 C:\Users\vsaon\OneDrive\Documents\LabThermics\cybersecurity\cryptotest-sw-lt100\original_Test_STM32_CryptoLib\Test_STM32_CryptoLib\Middlewares\ST\STM32_Cryptographic\lib\libSTM32Cryptographic_CM4.a(cmox_cipher_utils.c.o)
                0x08000c3c                convert_block_2_words
 .text          0x08000c64       0x2e C:\Users\vsaon\OneDrive\Documents\LabThermics\cybersecurity\cryptotest-sw-lt100\original_Test_STM32_CryptoLib\Test_STM32_CryptoLib\Middlewares\ST\STM32_Cryptographic\lib\libSTM32Cryptographic_CM4.a(cmox_cipher_utils.c.o)
                0x08000c64                convert_block_2_bytes
 .text          0x08000c92       0x1a C:\Users\vsaon\OneDrive\Documents\LabThermics\cybersecurity\cryptotest-sw-lt100\original_Test_STM32_CryptoLib\Test_STM32_CryptoLib\Middlewares\ST\STM32_Cryptographic\lib\libSTM32Cryptographic_CM4.a(cmox_cipher_utils.c.o)
                0x08000c92                xor_blocks
 .text          0x08000cac       0x12 C:\Users\vsaon\OneDrive\Documents\LabThermics\cybersecurity\cryptotest-sw-lt100\original_Test_STM32_CryptoLib\Test_STM32_CryptoLib\Middlewares\ST\STM32_Cryptographic\lib\libSTM32Cryptographic_CM4.a(cmox_cipher_utils.c.o)
                0x08000cac                copy_block
 .text          0x08000cbe        0x6 C:\Users\vsaon\OneDrive\Documents\LabThermics\cybersecurity\cryptotest-sw-lt100\original_Test_STM32_CryptoLib\Test_STM32_CryptoLib\Middlewares\ST\STM32_Cryptographic\lib\libSTM32Cryptographic_CM4.a(cmox_hmac_sha256.c.o)
 .text          0x08000cc4        0x4 C:\Users\vsaon\OneDrive\Documents\LabThermics\cybersecurity\cryptotest-sw-lt100\original_Test_STM32_CryptoLib\Test_STM32_CryptoLib\Middlewares\ST\STM32_Cryptographic\lib\libSTM32Cryptographic_CM4.a(cmox_hmac_sha256.c.o)
 .text          0x08000cc8        0x4 C:\Users\vsaon\OneDrive\Documents\LabThermics\cybersecurity\cryptotest-sw-lt100\original_Test_STM32_CryptoLib\Test_STM32_CryptoLib\Middlewares\ST\STM32_Cryptographic\lib\libSTM32Cryptographic_CM4.a(cmox_hmac_sha256.c.o)
 .text          0x08000ccc       0x2c C:\Users\vsaon\OneDrive\Documents\LabThermics\cybersecurity\cryptotest-sw-lt100\original_Test_STM32_CryptoLib\Test_STM32_CryptoLib\Middlewares\ST\STM32_Cryptographic\lib\libSTM32Cryptographic_CM4.a(cmox_hmac_sha256.c.o)
 .text          0x08000cf8       0x3c C:\Users\vsaon\OneDrive\Documents\LabThermics\cybersecurity\cryptotest-sw-lt100\original_Test_STM32_CryptoLib\Test_STM32_CryptoLib\Middlewares\ST\STM32_Cryptographic\lib\libSTM32Cryptographic_CM4.a(cmox_hmac_sha256.c.o)
 .text          0x08000d34       0x38 C:\Users\vsaon\OneDrive\Documents\LabThermics\cybersecurity\cryptotest-sw-lt100\original_Test_STM32_CryptoLib\Test_STM32_CryptoLib\Middlewares\ST\STM32_Cryptographic\lib\libSTM32Cryptographic_CM4.a(cmox_hmac_sha256.c.o)
 .text          0x08000d6c       0x80 C:\Users\vsaon\OneDrive\Documents\LabThermics\cybersecurity\cryptotest-sw-lt100\original_Test_STM32_CryptoLib\Test_STM32_CryptoLib\Middlewares\ST\STM32_Cryptographic\lib\libSTM32Cryptographic_CM4.a(cmox_init.c.o)
                0x08000d6c                cmox_initialize
 .text          0x08000dec       0x86 C:\Users\vsaon\OneDrive\Documents\LabThermics\cybersecurity\cryptotest-sw-lt100\original_Test_STM32_CryptoLib\Test_STM32_CryptoLib\Middlewares\ST\STM32_Cryptographic\lib\libSTM32Cryptographic_CM4.a(cmox_mac.c.o)
                0x08000dec                cmox_mac_innerCompute
 .text          0x08000e72       0x86 C:\Users\vsaon\OneDrive\Documents\LabThermics\cybersecurity\cryptotest-sw-lt100\original_Test_STM32_CryptoLib\Test_STM32_CryptoLib\Middlewares\ST\STM32_Cryptographic\lib\libSTM32Cryptographic_CM4.a(cmox_mac.c.o)
                0x08000e72                cmox_mac_innerVerify
 .text          0x08000ef8        0x6 C:\Users\vsaon\OneDrive\Documents\LabThermics\cybersecurity\cryptotest-sw-lt100\original_Test_STM32_CryptoLib\Test_STM32_CryptoLib\Middlewares\ST\STM32_Cryptographic\lib\libSTM32Cryptographic_CM4.a(cmox_mac.c.o)
                0x08000ef8                cmox_mac_setCustomData_empty
 *fill*         0x08000efe        0x2 
 .text          0x08000f00       0x44 C:\Users\vsaon\OneDrive\Documents\LabThermics\cybersecurity\cryptotest-sw-lt100\original_Test_STM32_CryptoLib\Test_STM32_CryptoLib\Middlewares\ST\STM32_Cryptographic\lib\libSTM32Cryptographic_CM4.a(cmox_mac.c.o)
                0x08000f00                cmox_mac_compute
 .text          0x08000f44       0x44 C:\Users\vsaon\OneDrive\Documents\LabThermics\cybersecurity\cryptotest-sw-lt100\original_Test_STM32_CryptoLib\Test_STM32_CryptoLib\Middlewares\ST\STM32_Cryptographic\lib\libSTM32Cryptographic_CM4.a(cmox_mac.c.o)
                0x08000f44                cmox_mac_verify
 .text          0x08000f88       0x2c C:\Users\vsaon\OneDrive\Documents\LabThermics\cybersecurity\cryptotest-sw-lt100\original_Test_STM32_CryptoLib\Test_STM32_CryptoLib\Middlewares\ST\STM32_Cryptographic\lib\libSTM32Cryptographic_CM4.a(cmox_sha256.c.o)
 .text          0x08000fb4       0x40 C:\Users\vsaon\OneDrive\Documents\LabThermics\cybersecurity\cryptotest-sw-lt100\original_Test_STM32_CryptoLib\Test_STM32_CryptoLib\Middlewares\ST\STM32_Cryptographic\lib\libSTM32Cryptographic_CM4.a(cmox_sha256.c.o)
 .text          0x08000ff4       0x20 C:\Users\vsaon\OneDrive\Documents\LabThermics\cybersecurity\cryptotest-sw-lt100\original_Test_STM32_CryptoLib\Test_STM32_CryptoLib\Middlewares\ST\STM32_Cryptographic\lib\libSTM32Cryptographic_CM4.a(cmox_sha256.c.o)
 .text          0x08001014       0x30 C:\Users\vsaon\OneDrive\Documents\LabThermics\cybersecurity\cryptotest-sw-lt100\original_Test_STM32_CryptoLib\Test_STM32_CryptoLib\Middlewares\ST\STM32_Cryptographic\lib\libSTM32Cryptographic_CM4.a(cmox_sha256.c.o)
 .text          0x08001044       0x30 C:\Users\vsaon\OneDrive\Documents\LabThermics\cybersecurity\cryptotest-sw-lt100\original_Test_STM32_CryptoLib\Test_STM32_CryptoLib\Middlewares\ST\STM32_Cryptographic\lib\libSTM32Cryptographic_CM4.a(cmox_sha256.c.o)
 .text          0x08001074       0x70 C:\Users\vsaon\OneDrive\Documents\LabThermics\cybersecurity\cryptotest-sw-lt100\original_Test_STM32_CryptoLib\Test_STM32_CryptoLib\Middlewares\ST\STM32_Cryptographic\lib\libSTM32Cryptographic_CM4.a(cmox_sha256.c.o)
 .text          0x080010e4       0x28 C:\Users\vsaon\OneDrive\Documents\LabThermics\cybersecurity\cryptotest-sw-lt100\original_Test_STM32_CryptoLib\Test_STM32_CryptoLib\Middlewares\ST\STM32_Cryptographic\lib\libSTM32Cryptographic_CM4.a(cmox_sha256.c.o)
                0x080010e4                cmox_sha256_construct
 .text          0x0800110c      0x1ec C:\Users\vsaon\OneDrive\Documents\LabThermics\cybersecurity\cryptotest-sw-lt100\original_Test_STM32_CryptoLib\Test_STM32_CryptoLib\Middlewares\ST\STM32_Cryptographic\lib\libSTM32Cryptographic_CM4.a(cmox_sha256_common.c.o)
 .text          0x080012f8      0x2dc C:\Users\vsaon\OneDrive\Documents\LabThermics\cybersecurity\cryptotest-sw-lt100\original_Test_STM32_CryptoLib\Test_STM32_CryptoLib\Middlewares\ST\STM32_Cryptographic\lib\libSTM32Cryptographic_CM4.a(cmox_aesfast_decrypt.c.o)
 .text          0x080015d4      0x140 C:\Users\vsaon\OneDrive\Documents\LabThermics\cybersecurity\cryptotest-sw-lt100\original_Test_STM32_CryptoLib\Test_STM32_CryptoLib\Middlewares\ST\STM32_Cryptographic\lib\libSTM32Cryptographic_CM4.a(cmox_aesfast_decrypt.c.o)
 .text          0x08001714      0x2cc C:\Users\vsaon\OneDrive\Documents\LabThermics\cybersecurity\cryptotest-sw-lt100\original_Test_STM32_CryptoLib\Test_STM32_CryptoLib\Middlewares\ST\STM32_Cryptographic\lib\libSTM32Cryptographic_CM4.a(cmox_aesfast_encrypt.c.o)
 .text          0x080019e0       0x5c C:\Users\vsaon\OneDrive\Documents\LabThermics\cybersecurity\cryptotest-sw-lt100\original_Test_STM32_CryptoLib\Test_STM32_CryptoLib\Middlewares\ST\STM32_Cryptographic\lib\libSTM32Cryptographic_CM4.a(cmox_hash.c.o)
                0x080019e0                cmox_hash_common_compute
 .text          0x08001a3c       0x20 C:\Users\vsaon\OneDrive\Documents\LabThermics\cybersecurity\cryptotest-sw-lt100\original_Test_STM32_CryptoLib\Test_STM32_CryptoLib\Middlewares\ST\STM32_Cryptographic\lib\libSTM32Cryptographic_CM4.a(cmox_hmac.c.o)
 .text          0x08001a5c       0x24 C:\Users\vsaon\OneDrive\Documents\LabThermics\cybersecurity\cryptotest-sw-lt100\original_Test_STM32_CryptoLib\Test_STM32_CryptoLib\Middlewares\ST\STM32_Cryptographic\lib\libSTM32Cryptographic_CM4.a(cmox_hmac.c.o)
 .text          0x08001a80       0x28 C:\Users\vsaon\OneDrive\Documents\LabThermics\cybersecurity\cryptotest-sw-lt100\original_Test_STM32_CryptoLib\Test_STM32_CryptoLib\Middlewares\ST\STM32_Cryptographic\lib\libSTM32Cryptographic_CM4.a(cmox_hmac.c.o)
 .text          0x08001aa8      0x1c8 C:\Users\vsaon\OneDrive\Documents\LabThermics\cybersecurity\cryptotest-sw-lt100\original_Test_STM32_CryptoLib\Test_STM32_CryptoLib\Middlewares\ST\STM32_Cryptographic\lib\libSTM32Cryptographic_CM4.a(cmox_hmac.c.o)
 .text          0x08001c70       0x3c C:\Users\vsaon\OneDrive\Documents\LabThermics\cybersecurity\cryptotest-sw-lt100\original_Test_STM32_CryptoLib\Test_STM32_CryptoLib\Middlewares\ST\STM32_Cryptographic\lib\libSTM32Cryptographic_CM4.a(cmox_hmac.c.o)
 .text          0x08001cac       0xd4 C:\Users\vsaon\OneDrive\Documents\LabThermics\cybersecurity\cryptotest-sw-lt100\original_Test_STM32_CryptoLib\Test_STM32_CryptoLib\Middlewares\ST\STM32_Cryptographic\lib\libSTM32Cryptographic_CM4.a(cmox_hmac.c.o)
 .text          0x08001d80      0x100 C:\Users\vsaon\OneDrive\Documents\LabThermics\cybersecurity\cryptotest-sw-lt100\original_Test_STM32_CryptoLib\Test_STM32_CryptoLib\Middlewares\ST\STM32_Cryptographic\lib\libSTM32Cryptographic_CM4.a(cmox_hmac.c.o)
 .text          0x08001e80       0x38 C:\Users\vsaon\OneDrive\Documents\LabThermics\cybersecurity\cryptotest-sw-lt100\original_Test_STM32_CryptoLib\Test_STM32_CryptoLib\Middlewares\ST\STM32_Cryptographic\lib\libSTM32Cryptographic_CM4.a(cmox_hmac.c.o)
 .text          0x08001eb8       0x1c C:\Users\vsaon\OneDrive\Documents\LabThermics\cybersecurity\cryptotest-sw-lt100\original_Test_STM32_CryptoLib\Test_STM32_CryptoLib\Middlewares\ST\STM32_Cryptographic\lib\libSTM32Cryptographic_CM4.a(cmox_hmac.c.o)
                0x08001eb8                cmox_hmac_construct
 .text          0x08001ed4        0x8 C:\Users\vsaon\OneDrive\Documents\LabThermics\cybersecurity\cryptotest-sw-lt100\original_Test_STM32_CryptoLib\Test_STM32_CryptoLib\Middlewares\ST\STM32_Cryptographic\lib\libSTM32Cryptographic_CM4.a(cmox_md.c.o)
                0x08001ed4                cmox_md_updateState_small
 .text          0x08001edc       0x44 C:\Users\vsaon\OneDrive\Documents\LabThermics\cybersecurity\cryptotest-sw-lt100\original_Test_STM32_CryptoLib\Test_STM32_CryptoLib\Middlewares\ST\STM32_Cryptographic\lib\libSTM32Cryptographic_CM4.a(cmox_md.c.o)
                0x08001edc                cmox_md_copyLastState_small
 .text          0x08001f20       0x1a C:\Users\vsaon\OneDrive\Documents\LabThermics\cybersecurity\cryptotest-sw-lt100\original_Test_STM32_CryptoLib\Test_STM32_CryptoLib\Middlewares\ST\STM32_Cryptographic\lib\libSTM32Cryptographic_CM4.a(cmox_md.c.o)
                0x08001f20                cmox_md_padMsgLen_small
 .text          0x08001f3a        0x8 C:\Users\vsaon\OneDrive\Documents\LabThermics\cybersecurity\cryptotest-sw-lt100\original_Test_STM32_CryptoLib\Test_STM32_CryptoLib\Middlewares\ST\STM32_Cryptographic\lib\libSTM32Cryptographic_CM4.a(cmox_md.c.o)
                0x08001f3a                cmox_md_construct
 .text          0x08001f42       0x1e C:\Users\vsaon\OneDrive\Documents\LabThermics\cybersecurity\cryptotest-sw-lt100\original_Test_STM32_CryptoLib\Test_STM32_CryptoLib\Middlewares\ST\STM32_Cryptographic\lib\libSTM32Cryptographic_CM4.a(cmox_md.c.o)
                0x08001f42                cmox_md_init
 .text          0x08001f60        0x8 C:\Users\vsaon\OneDrive\Documents\LabThermics\cybersecurity\cryptotest-sw-lt100\original_Test_STM32_CryptoLib\Test_STM32_CryptoLib\Middlewares\ST\STM32_Cryptographic\lib\libSTM32Cryptographic_CM4.a(cmox_md.c.o)
                0x08001f60                cmox_md_setTagSize
 .text          0x08001f68       0xa8 C:\Users\vsaon\OneDrive\Documents\LabThermics\cybersecurity\cryptotest-sw-lt100\original_Test_STM32_CryptoLib\Test_STM32_CryptoLib\Middlewares\ST\STM32_Cryptographic\lib\libSTM32Cryptographic_CM4.a(cmox_md.c.o)
                0x08001f68                cmox_md_append
 .text          0x08002010      0x1a0 C:\Users\vsaon\OneDrive\Documents\LabThermics\cybersecurity\cryptotest-sw-lt100\original_Test_STM32_CryptoLib\Test_STM32_CryptoLib\Middlewares\ST\STM32_Cryptographic\lib\libSTM32Cryptographic_CM4.a(cmox_md.c.o)
                0x08002010                cmox_md_generateTag
 .text          0x080021b0        0x8 C:\Users\vsaon\OneDrive\Documents\LabThermics\cybersecurity\cryptotest-sw-lt100\original_Test_STM32_CryptoLib\Test_STM32_CryptoLib\Middlewares\ST\STM32_Cryptographic\lib\libSTM32Cryptographic_CM4.a(cmox_md.c.o)
 .text          0x080021b8       0x30 C:\Users\vsaon\OneDrive\Documents\LabThermics\cybersecurity\cryptotest-sw-lt100\original_Test_STM32_CryptoLib\Test_STM32_CryptoLib\Middlewares\ST\STM32_Cryptographic\lib\libSTM32Cryptographic_CM4.a(cmox_utils_compare.c.o)
 .text          0x080021e8       0x36 C:\Users\vsaon\OneDrive\Documents\LabThermics\cybersecurity\cryptotest-sw-lt100\original_Test_STM32_CryptoLib\Test_STM32_CryptoLib\Middlewares\ST\STM32_Cryptographic\lib\libSTM32Cryptographic_CM4.a(cmox_utils_compare.c.o)
 *fill*         0x0800221e        0x2 
 .text          0x08002220       0xfc C:\Users\vsaon\OneDrive\Documents\LabThermics\cybersecurity\cryptotest-sw-lt100\original_Test_STM32_CryptoLib\Test_STM32_CryptoLib\Middlewares\ST\STM32_Cryptographic\lib\libSTM32Cryptographic_CM4.a(cmox_utils_compare.c.o)
                0x0800222c                cmox_utils_robustCmp
 .text          0x0800231c      0x110 C:\Users\vsaon\OneDrive\Documents\LabThermics\cybersecurity\cryptotest-sw-lt100\original_Test_STM32_CryptoLib\Test_STM32_CryptoLib\Middlewares\ST\STM32_Cryptographic\lib\libSTM32Cryptographic_CM4.a(cmox_aes_common.c.o)
                0x0800231c                cmox_aesSmall_keySchedule
 .text          0x0800242c       0x9a C:/ST/STM32CubeIDE_1.15.1/STM32CubeIDE/plugins/com.st.stm32cube.ide.mcu.externaltools.gnu-tools-for-stm32.13.3.rel1.win32_1.0.0.202411081344/tools/bin/../lib/gcc/arm-none-eabi/13.3.1/../../../../arm-none-eabi/lib/thumb/v7e-m+fp/hard\libc_nano.a(libc_a-aeabi_memset-soft.o)
                0x0800242c                __aeabi_memset8
                0x0800242c                __aeabi_memset4
                0x0800242c                __aeabi_memset
 *fill*         0x080024c6        0xa 
 .text          0x080024d0       0xa0 C:/ST/STM32CubeIDE_1.15.1/STM32CubeIDE/plugins/com.st.stm32cube.ide.mcu.externaltools.gnu-tools-for-stm32.13.3.rel1.win32_1.0.0.202411081344/tools/bin/../lib/gcc/arm-none-eabi/13.3.1/../../../../arm-none-eabi/lib/thumb/v7e-m+fp/hard\libc_nano.a(libc_a-memchr.o)
                0x080024d0                memchr
 .text          0x08002570       0x30 C:/ST/STM32CubeIDE_1.15.1/STM32CubeIDE/plugins/com.st.stm32cube.ide.mcu.externaltools.gnu-tools-for-stm32.13.3.rel1.win32_1.0.0.202411081344/tools/bin/../lib/gcc/arm-none-eabi/13.3.1/thumb/v7e-m+fp/hard\libgcc.a(_aeabi_uldivmod.o)
                0x08002570                __aeabi_uldivmod
 .text          0x080025a0      0x2f8 C:/ST/STM32CubeIDE_1.15.1/STM32CubeIDE/plugins/com.st.stm32cube.ide.mcu.externaltools.gnu-tools-for-stm32.13.3.rel1.win32_1.0.0.202411081344/tools/bin/../lib/gcc/arm-none-eabi/13.3.1/thumb/v7e-m+fp/hard\libgcc.a(_udivmoddi4.o)
                0x080025a0                __udivmoddi4
 .text          0x08002898        0x4 C:/ST/STM32CubeIDE_1.15.1/STM32CubeIDE/plugins/com.st.stm32cube.ide.mcu.externaltools.gnu-tools-for-stm32.13.3.rel1.win32_1.0.0.202411081344/tools/bin/../lib/gcc/arm-none-eabi/13.3.1/thumb/v7e-m+fp/hard\libgcc.a(_dvmd_tls.o)
                0x08002898                __aeabi_idiv0
                0x08002898                __aeabi_ldiv0
 *(.text*)
 .text.cmox_ll_init
                0x0800289c       0x44 ./Core/Src/cmox_low_level.o
                0x0800289c                cmox_ll_init
 .text.Cryptolib_Init
                0x080028e0       0x4a ./Core/Src/main.o
                0x080028e0                Cryptolib_Init
 *fill*         0x0800292a        0x2 
 .text.Cryptolib_Encrypt
                0x0800292c      0x120 ./Core/Src/main.o
                0x0800292c                Cryptolib_Encrypt
 .text.Cryptolib_Decrypt
                0x08002a4c      0x104 ./Core/Src/main.o
                0x08002a4c                Cryptolib_Decrypt
 .text.Cryptolib_SetKeys
                0x08002b50       0x2e ./Core/Src/main.o
                0x08002b50                Cryptolib_SetKeys
 *fill*         0x08002b7e        0x2 
 .text.main     0x08002b80      0x100 ./Core/Src/main.o
                0x08002b80                main
 .text.SystemClock_Config
                0x08002c80       0xd8 ./Core/Src/main.o
                0x08002c80                SystemClock_Config
 .text.MX_CRC_Init
                0x08002d58       0x28 ./Core/Src/main.o
 .text.MX_USART2_UART_Init
                0x08002d80       0x54 ./Core/Src/main.o
 .text.MX_GPIO_Init
                0x08002dd4       0xdc ./Core/Src/main.o
 .text.CPU_CACHE_Enable
                0x08002eb0       0x12 ./Core/Src/main.o
 *fill*         0x08002ec2        0x2 
 .text.EncryptData
                0x08002ec4       0x70 ./Core/Src/main.o
                0x08002ec4                EncryptData
 .text.TestCryptolib
                0x08002f34      0x128 ./Core/Src/main.o
                0x08002f34                TestCryptolib
 .text.TestCryptolibDecrypt
                0x0800305c       0x5c ./Core/Src/main.o
                0x0800305c                TestCryptolibDecrypt
 .text.HAL_UART_RxCpltCallback
                0x080030b8       0x30 ./Core/Src/main.o
                0x080030b8                HAL_UART_RxCpltCallback
 .text.__io_putchar
                0x080030e8       0x24 ./Core/Src/main.o
                0x080030e8                __io_putchar
 .text.Error_Handler
                0x0800310c       0x18 ./Core/Src/main.o
                0x0800310c                Error_Handler
 .text.HAL_MspInit
                0x08003124       0x50 ./Core/Src/stm32f4xx_hal_msp.o
                0x08003124                HAL_MspInit
 .text.HAL_CRC_MspInit
                0x08003174       0x44 ./Core/Src/stm32f4xx_hal_msp.o
                0x08003174                HAL_CRC_MspInit
 .text.HAL_UART_MspInit
                0x080031b8       0xa0 ./Core/Src/stm32f4xx_hal_msp.o
                0x080031b8                HAL_UART_MspInit
 .text.NMI_Handler
                0x08003258        0x8 ./Core/Src/stm32f4xx_it.o
                0x08003258                NMI_Handler
 .text.HardFault_Handler
                0x08003260       0x14 ./Core/Src/stm32f4xx_it.o
                0x08003260                HardFault_Handler
 .text.MemManage_Handler
                0x08003274        0x8 ./Core/Src/stm32f4xx_it.o
                0x08003274                MemManage_Handler
 .text.BusFault_Handler
                0x0800327c        0x8 ./Core/Src/stm32f4xx_it.o
                0x0800327c                BusFault_Handler
 .text.UsageFault_Handler
                0x08003284        0x8 ./Core/Src/stm32f4xx_it.o
                0x08003284                UsageFault_Handler
 .text.SVC_Handler
                0x0800328c        0xe ./Core/Src/stm32f4xx_it.o
                0x0800328c                SVC_Handler
 .text.DebugMon_Handler
                0x0800329a        0xe ./Core/Src/stm32f4xx_it.o
                0x0800329a                DebugMon_Handler
 .text.PendSV_Handler
                0x080032a8        0xe ./Core/Src/stm32f4xx_it.o
                0x080032a8                PendSV_Handler
 .text.SysTick_Handler
                0x080032b6        0xc ./Core/Src/stm32f4xx_it.o
                0x080032b6                SysTick_Handler
 *fill*         0x080032c2        0x2 
 .text.USART2_IRQHandler
                0x080032c4       0x14 ./Core/Src/stm32f4xx_it.o
                0x080032c4                USART2_IRQHandler
 .text._read    0x080032d8       0x3a ./Core/Src/syscalls.o
                0x080032d8                _read
 .text._write   0x08003312       0x38 ./Core/Src/syscalls.o
                0x08003312                _write
 .text._close   0x0800334a       0x18 ./Core/Src/syscalls.o
                0x0800334a                _close
 .text._fstat   0x08003362       0x20 ./Core/Src/syscalls.o
                0x08003362                _fstat
 .text._isatty  0x08003382       0x16 ./Core/Src/syscalls.o
                0x08003382                _isatty
 .text._lseek   0x08003398       0x1a ./Core/Src/syscalls.o
                0x08003398                _lseek
 *fill*         0x080033b2        0x2 
 .text._sbrk    0x080033b4       0x6c ./Core/Src/sysmem.o
                0x080033b4                _sbrk
 .text.SystemInit
                0x08003420       0x24 ./Core/Src/system_stm32f4xx.o
                0x08003420                SystemInit
 .text.Reset_Handler
                0x08003444       0x50 ./Core/Startup/startup_stm32f401retx.o
                0x08003444                Reset_Handler
 .text.Default_Handler
                0x08003494        0x2 ./Core/Startup/startup_stm32f401retx.o
                0x08003494                RTC_Alarm_IRQHandler
                0x08003494                EXTI2_IRQHandler
                0x08003494                SPI4_IRQHandler
                0x08003494                TIM1_CC_IRQHandler
                0x08003494                DMA2_Stream5_IRQHandler
                0x08003494                DMA1_Stream5_IRQHandler
                0x08003494                PVD_IRQHandler
                0x08003494                SDIO_IRQHandler
                0x08003494                TAMP_STAMP_IRQHandler
                0x08003494                EXTI3_IRQHandler
                0x08003494                TIM1_UP_TIM10_IRQHandler
                0x08003494                I2C3_ER_IRQHandler
                0x08003494                EXTI0_IRQHandler
                0x08003494                I2C2_EV_IRQHandler
                0x08003494                DMA1_Stream2_IRQHandler
                0x08003494                FPU_IRQHandler
                0x08003494                DMA2_Stream2_IRQHandler
                0x08003494                SPI1_IRQHandler
                0x08003494                TIM1_BRK_TIM9_IRQHandler
                0x08003494                DMA2_Stream3_IRQHandler
                0x08003494                USART6_IRQHandler
                0x08003494                DMA2_Stream0_IRQHandler
                0x08003494                TIM4_IRQHandler
                0x08003494                I2C1_EV_IRQHandler
                0x08003494                DMA1_Stream6_IRQHandler
                0x08003494                DMA1_Stream1_IRQHandler
                0x08003494                TIM3_IRQHandler
                0x08003494                RCC_IRQHandler
                0x08003494                Default_Handler
                0x08003494                EXTI15_10_IRQHandler
                0x08003494                ADC_IRQHandler
                0x08003494                DMA1_Stream7_IRQHandler
                0x08003494                TIM5_IRQHandler
                0x08003494                DMA2_Stream7_IRQHandler
                0x08003494                I2C3_EV_IRQHandler
                0x08003494                EXTI9_5_IRQHandler
                0x08003494                RTC_WKUP_IRQHandler
                0x08003494                SPI2_IRQHandler
                0x08003494                DMA1_Stream0_IRQHandler
                0x08003494                EXTI4_IRQHandler
                0x08003494                WWDG_IRQHandler
                0x08003494                TIM2_IRQHandler
                0x08003494                OTG_FS_WKUP_IRQHandler
                0x08003494                TIM1_TRG_COM_TIM11_IRQHandler
                0x08003494                EXTI1_IRQHandler
                0x08003494                I2C2_ER_IRQHandler
                0x08003494                DMA2_Stream1_IRQHandler
                0x08003494                FLASH_IRQHandler
                0x08003494                DMA2_Stream4_IRQHandler
                0x08003494                USART1_IRQHandler
                0x08003494                OTG_FS_IRQHandler
                0x08003494                SPI3_IRQHandler
                0x08003494                DMA1_Stream4_IRQHandler
                0x08003494                I2C1_ER_IRQHandler
                0x08003494                DMA2_Stream6_IRQHandler
                0x08003494                DMA1_Stream3_IRQHandler
 *fill*         0x08003496        0x2 
 .text.HAL_Init
                0x08003498       0x44 ./Drivers/STM32F4xx_HAL_Driver/Src/stm32f4xx_hal.o
                0x08003498                HAL_Init
 .text.HAL_InitTick
                0x080034dc       0x60 ./Drivers/STM32F4xx_HAL_Driver/Src/stm32f4xx_hal.o
                0x080034dc                HAL_InitTick
 .text.HAL_IncTick
                0x0800353c       0x28 ./Drivers/STM32F4xx_HAL_Driver/Src/stm32f4xx_hal.o
                0x0800353c                HAL_IncTick
 .text.HAL_GetTick
                0x08003564       0x18 ./Drivers/STM32F4xx_HAL_Driver/Src/stm32f4xx_hal.o
                0x08003564                HAL_GetTick
 .text.__NVIC_SetPriorityGrouping
                0x0800357c       0x48 ./Drivers/STM32F4xx_HAL_Driver/Src/stm32f4xx_hal_cortex.o
 .text.__NVIC_GetPriorityGrouping
                0x080035c4       0x1c ./Drivers/STM32F4xx_HAL_Driver/Src/stm32f4xx_hal_cortex.o
 .text.__NVIC_EnableIRQ
                0x080035e0       0x3c ./Drivers/STM32F4xx_HAL_Driver/Src/stm32f4xx_hal_cortex.o
 .text.__NVIC_SetPriority
                0x0800361c       0x54 ./Drivers/STM32F4xx_HAL_Driver/Src/stm32f4xx_hal_cortex.o
 .text.NVIC_EncodePriority
                0x08003670       0x66 ./Drivers/STM32F4xx_HAL_Driver/Src/stm32f4xx_hal_cortex.o
 *fill*         0x080036d6        0x2 
 .text.SysTick_Config
                0x080036d8       0x44 ./Drivers/STM32F4xx_HAL_Driver/Src/stm32f4xx_hal_cortex.o
 .text.HAL_NVIC_SetPriorityGrouping
                0x0800371c       0x16 ./Drivers/STM32F4xx_HAL_Driver/Src/stm32f4xx_hal_cortex.o
                0x0800371c                HAL_NVIC_SetPriorityGrouping
 .text.HAL_NVIC_SetPriority
                0x08003732       0x38 ./Drivers/STM32F4xx_HAL_Driver/Src/stm32f4xx_hal_cortex.o
                0x08003732                HAL_NVIC_SetPriority
 .text.HAL_NVIC_EnableIRQ
                0x0800376a       0x1c ./Drivers/STM32F4xx_HAL_Driver/Src/stm32f4xx_hal_cortex.o
                0x0800376a                HAL_NVIC_EnableIRQ
 .text.HAL_SYSTICK_Config
                0x08003786       0x18 ./Drivers/STM32F4xx_HAL_Driver/Src/stm32f4xx_hal_cortex.o
                0x08003786                HAL_SYSTICK_Config
 .text.HAL_CRC_Init
                0x0800379e       0x38 ./Drivers/STM32F4xx_HAL_Driver/Src/stm32f4xx_hal_crc.o
                0x0800379e                HAL_CRC_Init
 .text.HAL_DMA_Abort
                0x080037d6       0xe0 ./Drivers/STM32F4xx_HAL_Driver/Src/stm32f4xx_hal_dma.o
                0x080037d6                HAL_DMA_Abort
 .text.HAL_DMA_Abort_IT
                0x080038b6       0x44 ./Drivers/STM32F4xx_HAL_Driver/Src/stm32f4xx_hal_dma.o
                0x080038b6                HAL_DMA_Abort_IT
 *fill*         0x080038fa        0x2 
 .text.HAL_GPIO_Init
                0x080038fc      0x308 ./Drivers/STM32F4xx_HAL_Driver/Src/stm32f4xx_hal_gpio.o
                0x080038fc                HAL_GPIO_Init
 .text.HAL_GPIO_WritePin
                0x08003c04       0x32 ./Drivers/STM32F4xx_HAL_Driver/Src/stm32f4xx_hal_gpio.o
                0x08003c04                HAL_GPIO_WritePin
 *fill*         0x08003c36        0x2 
 .text.HAL_RCC_OscConfig
                0x08003c38      0x4f0 ./Drivers/STM32F4xx_HAL_Driver/Src/stm32f4xx_hal_rcc.o
                0x08003c38                HAL_RCC_OscConfig
 .text.HAL_RCC_ClockConfig
                0x08004128      0x1cc ./Drivers/STM32F4xx_HAL_Driver/Src/stm32f4xx_hal_rcc.o
                0x08004128                HAL_RCC_ClockConfig
 .text.HAL_RCC_GetSysClockFreq
                0x080042f4      0x20c ./Drivers/STM32F4xx_HAL_Driver/Src/stm32f4xx_hal_rcc.o
                0x080042f4                HAL_RCC_GetSysClockFreq
 .text.HAL_RCC_GetHCLKFreq
                0x08004500       0x18 ./Drivers/STM32F4xx_HAL_Driver/Src/stm32f4xx_hal_rcc.o
                0x08004500                HAL_RCC_GetHCLKFreq
 .text.HAL_RCC_GetPCLK1Freq
                0x08004518       0x28 ./Drivers/STM32F4xx_HAL_Driver/Src/stm32f4xx_hal_rcc.o
                0x08004518                HAL_RCC_GetPCLK1Freq
 .text.HAL_RCC_GetPCLK2Freq
                0x08004540       0x28 ./Drivers/STM32F4xx_HAL_Driver/Src/stm32f4xx_hal_rcc.o
                0x08004540                HAL_RCC_GetPCLK2Freq
 .text.HAL_UART_Init
                0x08004568       0xa0 ./Drivers/STM32F4xx_HAL_Driver/Src/stm32f4xx_hal_uart.o
                0x08004568                HAL_UART_Init
 .text.HAL_UART_Transmit
                0x08004608      0x116 ./Drivers/STM32F4xx_HAL_Driver/Src/stm32f4xx_hal_uart.o
                0x08004608                HAL_UART_Transmit
 .text.HAL_UART_Receive_IT
                0x0800471e       0x4a ./Drivers/STM32F4xx_HAL_Driver/Src/stm32f4xx_hal_uart.o
                0x0800471e                HAL_UART_Receive_IT
 .text.HAL_UART_IRQHandler
                0x08004768      0x554 ./Drivers/STM32F4xx_HAL_Driver/Src/stm32f4xx_hal_uart.o
                0x08004768                HAL_UART_IRQHandler
 .text.HAL_UART_TxCpltCallback
                0x08004cbc       0x14 ./Drivers/STM32F4xx_HAL_Driver/Src/stm32f4xx_hal_uart.o
                0x08004cbc                HAL_UART_TxCpltCallback
 .text.HAL_UART_ErrorCallback
                0x08004cd0       0x14 ./Drivers/STM32F4xx_HAL_Driver/Src/stm32f4xx_hal_uart.o
                0x08004cd0                HAL_UART_ErrorCallback
 .text.HAL_UARTEx_RxEventCallback
                0x08004ce4       0x18 ./Drivers/STM32F4xx_HAL_Driver/Src/stm32f4xx_hal_uart.o
                0x08004ce4                HAL_UARTEx_RxEventCallback
 .text.UART_WaitOnFlagUntilTimeout
                0x08004cfc       0xb2 ./Drivers/STM32F4xx_HAL_Driver/Src/stm32f4xx_hal_uart.o
 .text.UART_Start_Receive_IT
                0x08004dae       0x74 ./Drivers/STM32F4xx_HAL_Driver/Src/stm32f4xx_hal_uart.o
                0x08004dae                UART_Start_Receive_IT
 .text.UART_EndRxTransfer
                0x08004e22       0xc6 ./Drivers/STM32F4xx_HAL_Driver/Src/stm32f4xx_hal_uart.o
 .text.UART_DMAAbortOnError
                0x08004ee8       0x22 ./Drivers/STM32F4xx_HAL_Driver/Src/stm32f4xx_hal_uart.o
 .text.UART_Transmit_IT
                0x08004f0a       0xa0 ./Drivers/STM32F4xx_HAL_Driver/Src/stm32f4xx_hal_uart.o
 .text.UART_EndTransmit_IT
                0x08004faa       0x30 ./Drivers/STM32F4xx_HAL_Driver/Src/stm32f4xx_hal_uart.o
 .text.UART_Receive_IT
                0x08004fda      0x17c ./Drivers/STM32F4xx_HAL_Driver/Src/stm32f4xx_hal_uart.o
 *fill*         0x08005156        0x2 
 .text.UART_SetConfig
                0x08005158      0x4e8 ./Drivers/STM32F4xx_HAL_Driver/Src/stm32f4xx_hal_uart.o
 .text.std      0x08005640       0x6c C:/ST/STM32CubeIDE_1.15.1/STM32CubeIDE/plugins/com.st.stm32cube.ide.mcu.externaltools.gnu-tools-for-stm32.13.3.rel1.win32_1.0.0.202411081344/tools/bin/../lib/gcc/arm-none-eabi/13.3.1/../../../../arm-none-eabi/lib/thumb/v7e-m+fp/hard\libc_nano.a(libc_a-findfp.o)
 .text.stdio_exit_handler
                0x080056ac       0x18 C:/ST/STM32CubeIDE_1.15.1/STM32CubeIDE/plugins/com.st.stm32cube.ide.mcu.externaltools.gnu-tools-for-stm32.13.3.rel1.win32_1.0.0.202411081344/tools/bin/../lib/gcc/arm-none-eabi/13.3.1/../../../../arm-none-eabi/lib/thumb/v7e-m+fp/hard\libc_nano.a(libc_a-findfp.o)
 .text.cleanup_stdio
                0x080056c4       0x40 C:/ST/STM32CubeIDE_1.15.1/STM32CubeIDE/plugins/com.st.stm32cube.ide.mcu.externaltools.gnu-tools-for-stm32.13.3.rel1.win32_1.0.0.202411081344/tools/bin/../lib/gcc/arm-none-eabi/13.3.1/../../../../arm-none-eabi/lib/thumb/v7e-m+fp/hard\libc_nano.a(libc_a-findfp.o)
 .text.global_stdio_init.part.0
                0x08005704       0x3c C:/ST/STM32CubeIDE_1.15.1/STM32CubeIDE/plugins/com.st.stm32cube.ide.mcu.externaltools.gnu-tools-for-stm32.13.3.rel1.win32_1.0.0.202411081344/tools/bin/../lib/gcc/arm-none-eabi/13.3.1/../../../../arm-none-eabi/lib/thumb/v7e-m+fp/hard\libc_nano.a(libc_a-findfp.o)
 .text.__sfp_lock_acquire
                0x08005740        0xc C:/ST/STM32CubeIDE_1.15.1/STM32CubeIDE/plugins/com.st.stm32cube.ide.mcu.externaltools.gnu-tools-for-stm32.13.3.rel1.win32_1.0.0.202411081344/tools/bin/../lib/gcc/arm-none-eabi/13.3.1/../../../../arm-none-eabi/lib/thumb/v7e-m+fp/hard\libc_nano.a(libc_a-findfp.o)
                0x08005740                __sfp_lock_acquire
 .text.__sfp_lock_release
                0x0800574c        0xc C:/ST/STM32CubeIDE_1.15.1/STM32CubeIDE/plugins/com.st.stm32cube.ide.mcu.externaltools.gnu-tools-for-stm32.13.3.rel1.win32_1.0.0.202411081344/tools/bin/../lib/gcc/arm-none-eabi/13.3.1/../../../../arm-none-eabi/lib/thumb/v7e-m+fp/hard\libc_nano.a(libc_a-findfp.o)
                0x0800574c                __sfp_lock_release
 .text.__sinit  0x08005758       0x30 C:/ST/STM32CubeIDE_1.15.1/STM32CubeIDE/plugins/com.st.stm32cube.ide.mcu.externaltools.gnu-tools-for-stm32.13.3.rel1.win32_1.0.0.202411081344/tools/bin/../lib/gcc/arm-none-eabi/13.3.1/../../../../arm-none-eabi/lib/thumb/v7e-m+fp/hard\libc_nano.a(libc_a-findfp.o)
                0x08005758                __sinit
 .text._fwalk_sglue
                0x08005788       0x3c C:/ST/STM32CubeIDE_1.15.1/STM32CubeIDE/plugins/com.st.stm32cube.ide.mcu.externaltools.gnu-tools-for-stm32.13.3.rel1.win32_1.0.0.202411081344/tools/bin/../lib/gcc/arm-none-eabi/13.3.1/../../../../arm-none-eabi/lib/thumb/v7e-m+fp/hard\libc_nano.a(libc_a-fwalk.o)
                0x08005788                _fwalk_sglue
 .text.printf   0x080057c4       0x24 C:/ST/STM32CubeIDE_1.15.1/STM32CubeIDE/plugins/com.st.stm32cube.ide.mcu.externaltools.gnu-tools-for-stm32.13.3.rel1.win32_1.0.0.202411081344/tools/bin/../lib/gcc/arm-none-eabi/13.3.1/../../../../arm-none-eabi/lib/thumb/v7e-m+fp/hard\libc_nano.a(libc_a-printf.o)
                0x080057c4                iprintf
                0x080057c4                printf
 .text._puts_r  0x080057e8       0xaa C:/ST/STM32CubeIDE_1.15.1/STM32CubeIDE/plugins/com.st.stm32cube.ide.mcu.externaltools.gnu-tools-for-stm32.13.3.rel1.win32_1.0.0.202411081344/tools/bin/../lib/gcc/arm-none-eabi/13.3.1/../../../../arm-none-eabi/lib/thumb/v7e-m+fp/hard\libc_nano.a(libc_a-puts.o)
                0x080057e8                _puts_r
 *fill*         0x08005892        0x2 
 .text.puts     0x08005894       0x10 C:/ST/STM32CubeIDE_1.15.1/STM32CubeIDE/plugins/com.st.stm32cube.ide.mcu.externaltools.gnu-tools-for-stm32.13.3.rel1.win32_1.0.0.202411081344/tools/bin/../lib/gcc/arm-none-eabi/13.3.1/../../../../arm-none-eabi/lib/thumb/v7e-m+fp/hard\libc_nano.a(libc_a-puts.o)
                0x08005894                puts
 .text.__sread  0x080058a4       0x22 C:/ST/STM32CubeIDE_1.15.1/STM32CubeIDE/plugins/com.st.stm32cube.ide.mcu.externaltools.gnu-tools-for-stm32.13.3.rel1.win32_1.0.0.202411081344/tools/bin/../lib/gcc/arm-none-eabi/13.3.1/../../../../arm-none-eabi/lib/thumb/v7e-m+fp/hard\libc_nano.a(libc_a-stdio.o)
                0x080058a4                __sread
 .text.__swrite
                0x080058c6       0x38 C:/ST/STM32CubeIDE_1.15.1/STM32CubeIDE/plugins/com.st.stm32cube.ide.mcu.externaltools.gnu-tools-for-stm32.13.3.rel1.win32_1.0.0.202411081344/tools/bin/../lib/gcc/arm-none-eabi/13.3.1/../../../../arm-none-eabi/lib/thumb/v7e-m+fp/hard\libc_nano.a(libc_a-stdio.o)
                0x080058c6                __swrite
 .text.__sseek  0x080058fe       0x24 C:/ST/STM32CubeIDE_1.15.1/STM32CubeIDE/plugins/com.st.stm32cube.ide.mcu.externaltools.gnu-tools-for-stm32.13.3.rel1.win32_1.0.0.202411081344/tools/bin/../lib/gcc/arm-none-eabi/13.3.1/../../../../arm-none-eabi/lib/thumb/v7e-m+fp/hard\libc_nano.a(libc_a-stdio.o)
                0x080058fe                __sseek
 .text.__sclose
                0x08005922        0x8 C:/ST/STM32CubeIDE_1.15.1/STM32CubeIDE/plugins/com.st.stm32cube.ide.mcu.externaltools.gnu-tools-for-stm32.13.3.rel1.win32_1.0.0.202411081344/tools/bin/../lib/gcc/arm-none-eabi/13.3.1/../../../../arm-none-eabi/lib/thumb/v7e-m+fp/hard\libc_nano.a(libc_a-stdio.o)
                0x08005922                __sclose
 .text.__swbuf_r
                0x0800592a       0x7c C:/ST/STM32CubeIDE_1.15.1/STM32CubeIDE/plugins/com.st.stm32cube.ide.mcu.externaltools.gnu-tools-for-stm32.13.3.rel1.win32_1.0.0.202411081344/tools/bin/../lib/gcc/arm-none-eabi/13.3.1/../../../../arm-none-eabi/lib/thumb/v7e-m+fp/hard\libc_nano.a(libc_a-wbuf.o)
                0x0800592a                __swbuf_r
 *fill*         0x080059a6        0x2 
 .text.__swsetup_r
                0x080059a8       0xac C:/ST/STM32CubeIDE_1.15.1/STM32CubeIDE/plugins/com.st.stm32cube.ide.mcu.externaltools.gnu-tools-for-stm32.13.3.rel1.win32_1.0.0.202411081344/tools/bin/../lib/gcc/arm-none-eabi/13.3.1/../../../../arm-none-eabi/lib/thumb/v7e-m+fp/hard\libc_nano.a(libc_a-wsetup.o)
                0x080059a8                __swsetup_r
 .text.memmove  0x08005a54       0x34 C:/ST/STM32CubeIDE_1.15.1/STM32CubeIDE/plugins/com.st.stm32cube.ide.mcu.externaltools.gnu-tools-for-stm32.13.3.rel1.win32_1.0.0.202411081344/tools/bin/../lib/gcc/arm-none-eabi/13.3.1/../../../../arm-none-eabi/lib/thumb/v7e-m+fp/hard\libc_nano.a(libc_a-memmove.o)
                0x08005a54                memmove
 .text.memset   0x08005a88       0x10 C:/ST/STM32CubeIDE_1.15.1/STM32CubeIDE/plugins/com.st.stm32cube.ide.mcu.externaltools.gnu-tools-for-stm32.13.3.rel1.win32_1.0.0.202411081344/tools/bin/../lib/gcc/arm-none-eabi/13.3.1/../../../../arm-none-eabi/lib/thumb/v7e-m+fp/hard\libc_nano.a(libc_a-memset.o)
                0x08005a88                memset
 .text._close_r
                0x08005a98       0x20 C:/ST/STM32CubeIDE_1.15.1/STM32CubeIDE/plugins/com.st.stm32cube.ide.mcu.externaltools.gnu-tools-for-stm32.13.3.rel1.win32_1.0.0.202411081344/tools/bin/../lib/gcc/arm-none-eabi/13.3.1/../../../../arm-none-eabi/lib/thumb/v7e-m+fp/hard\libc_nano.a(libc_a-closer.o)
                0x08005a98                _close_r
 .text._lseek_r
                0x08005ab8       0x24 C:/ST/STM32CubeIDE_1.15.1/STM32CubeIDE/plugins/com.st.stm32cube.ide.mcu.externaltools.gnu-tools-for-stm32.13.3.rel1.win32_1.0.0.202411081344/tools/bin/../lib/gcc/arm-none-eabi/13.3.1/../../../../arm-none-eabi/lib/thumb/v7e-m+fp/hard\libc_nano.a(libc_a-lseekr.o)
                0x08005ab8                _lseek_r
 .text._read_r  0x08005adc       0x24 C:/ST/STM32CubeIDE_1.15.1/STM32CubeIDE/plugins/com.st.stm32cube.ide.mcu.externaltools.gnu-tools-for-stm32.13.3.rel1.win32_1.0.0.202411081344/tools/bin/../lib/gcc/arm-none-eabi/13.3.1/../../../../arm-none-eabi/lib/thumb/v7e-m+fp/hard\libc_nano.a(libc_a-readr.o)
                0x08005adc                _read_r
 .text._write_r
                0x08005b00       0x24 C:/ST/STM32CubeIDE_1.15.1/STM32CubeIDE/plugins/com.st.stm32cube.ide.mcu.externaltools.gnu-tools-for-stm32.13.3.rel1.win32_1.0.0.202411081344/tools/bin/../lib/gcc/arm-none-eabi/13.3.1/../../../../arm-none-eabi/lib/thumb/v7e-m+fp/hard\libc_nano.a(libc_a-writer.o)
                0x08005b00                _write_r
 .text.__errno  0x08005b24        0xc C:/ST/STM32CubeIDE_1.15.1/STM32CubeIDE/plugins/com.st.stm32cube.ide.mcu.externaltools.gnu-tools-for-stm32.13.3.rel1.win32_1.0.0.202411081344/tools/bin/../lib/gcc/arm-none-eabi/13.3.1/../../../../arm-none-eabi/lib/thumb/v7e-m+fp/hard\libc_nano.a(libc_a-errno.o)
                0x08005b24                __errno
 .text.__libc_init_array
                0x08005b30       0x48 C:/ST/STM32CubeIDE_1.15.1/STM32CubeIDE/plugins/com.st.stm32cube.ide.mcu.externaltools.gnu-tools-for-stm32.13.3.rel1.win32_1.0.0.202411081344/tools/bin/../lib/gcc/arm-none-eabi/13.3.1/../../../../arm-none-eabi/lib/thumb/v7e-m+fp/hard\libc_nano.a(libc_a-init.o)
                0x08005b30                __libc_init_array
 .text.__retarget_lock_init_recursive
                0x08005b78        0x2 C:/ST/STM32CubeIDE_1.15.1/STM32CubeIDE/plugins/com.st.stm32cube.ide.mcu.externaltools.gnu-tools-for-stm32.13.3.rel1.win32_1.0.0.202411081344/tools/bin/../lib/gcc/arm-none-eabi/13.3.1/../../../../arm-none-eabi/lib/thumb/v7e-m+fp/hard\libc_nano.a(libc_a-lock.o)
                0x08005b78                __retarget_lock_init_recursive
 .text.__retarget_lock_acquire_recursive
                0x08005b7a        0x2 C:/ST/STM32CubeIDE_1.15.1/STM32CubeIDE/plugins/com.st.stm32cube.ide.mcu.externaltools.gnu-tools-for-stm32.13.3.rel1.win32_1.0.0.202411081344/tools/bin/../lib/gcc/arm-none-eabi/13.3.1/../../../../arm-none-eabi/lib/thumb/v7e-m+fp/hard\libc_nano.a(libc_a-lock.o)
                0x08005b7a                __retarget_lock_acquire_recursive
 .text.__retarget_lock_release_recursive
                0x08005b7c        0x2 C:/ST/STM32CubeIDE_1.15.1/STM32CubeIDE/plugins/com.st.stm32cube.ide.mcu.externaltools.gnu-tools-for-stm32.13.3.rel1.win32_1.0.0.202411081344/tools/bin/../lib/gcc/arm-none-eabi/13.3.1/../../../../arm-none-eabi/lib/thumb/v7e-m+fp/hard\libc_nano.a(libc_a-lock.o)
                0x08005b7c                __retarget_lock_release_recursive
 .text.__aeabi_memcpy
                0x08005b7e        0x4 C:/ST/STM32CubeIDE_1.15.1/STM32CubeIDE/plugins/com.st.stm32cube.ide.mcu.externaltools.gnu-tools-for-stm32.13.3.rel1.win32_1.0.0.202411081344/tools/bin/../lib/gcc/arm-none-eabi/13.3.1/../../../../arm-none-eabi/lib/thumb/v7e-m+fp/hard\libc_nano.a(libc_a-aeabi_memcpy.o)
                0x08005b7e                __aeabi_memcpy4
                0x08005b7e                __aeabi_memcpy8
                0x08005b7e                __aeabi_memcpy
 .text.__aeabi_memclr
                0x08005b82        0x6 C:/ST/STM32CubeIDE_1.15.1/STM32CubeIDE/plugins/com.st.stm32cube.ide.mcu.externaltools.gnu-tools-for-stm32.13.3.rel1.win32_1.0.0.202411081344/tools/bin/../lib/gcc/arm-none-eabi/13.3.1/../../../../arm-none-eabi/lib/thumb/v7e-m+fp/hard\libc_nano.a(libc_a-aeabi_memclr.o)
                0x08005b82                __aeabi_memclr
                0x08005b82                __aeabi_memclr4
                0x08005b82                __aeabi_memclr8
 .text.memcpy   0x08005b88       0x1c C:/ST/STM32CubeIDE_1.15.1/STM32CubeIDE/plugins/com.st.stm32cube.ide.mcu.externaltools.gnu-tools-for-stm32.13.3.rel1.win32_1.0.0.202411081344/tools/bin/../lib/gcc/arm-none-eabi/13.3.1/../../../../arm-none-eabi/lib/thumb/v7e-m+fp/hard\libc_nano.a(libc_a-memcpy-stub.o)
                0x08005b88                memcpy
 .text._free_r  0x08005ba4       0x94 C:/ST/STM32CubeIDE_1.15.1/STM32CubeIDE/plugins/com.st.stm32cube.ide.mcu.externaltools.gnu-tools-for-stm32.13.3.rel1.win32_1.0.0.202411081344/tools/bin/../lib/gcc/arm-none-eabi/13.3.1/../../../../arm-none-eabi/lib/thumb/v7e-m+fp/hard\libc_nano.a(libc_a-freer.o)
                0x08005ba4                _free_r
 .text.sbrk_aligned
                0x08005c38       0x44 C:/ST/STM32CubeIDE_1.15.1/STM32CubeIDE/plugins/com.st.stm32cube.ide.mcu.externaltools.gnu-tools-for-stm32.13.3.rel1.win32_1.0.0.202411081344/tools/bin/../lib/gcc/arm-none-eabi/13.3.1/../../../../arm-none-eabi/lib/thumb/v7e-m+fp/hard\libc_nano.a(libc_a-mallocr.o)
 .text._malloc_r
                0x08005c7c      0x100 C:/ST/STM32CubeIDE_1.15.1/STM32CubeIDE/plugins/com.st.stm32cube.ide.mcu.externaltools.gnu-tools-for-stm32.13.3.rel1.win32_1.0.0.202411081344/tools/bin/../lib/gcc/arm-none-eabi/13.3.1/../../../../arm-none-eabi/lib/thumb/v7e-m+fp/hard\libc_nano.a(libc_a-mallocr.o)
                0x08005c7c                _malloc_r
 .text.__malloc_lock
                0x08005d7c        0xc C:/ST/STM32CubeIDE_1.15.1/STM32CubeIDE/plugins/com.st.stm32cube.ide.mcu.externaltools.gnu-tools-for-stm32.13.3.rel1.win32_1.0.0.202411081344/tools/bin/../lib/gcc/arm-none-eabi/13.3.1/../../../../arm-none-eabi/lib/thumb/v7e-m+fp/hard\libc_nano.a(libc_a-mlock.o)
                0x08005d7c                __malloc_lock
 .text.__malloc_unlock
                0x08005d88        0xc C:/ST/STM32CubeIDE_1.15.1/STM32CubeIDE/plugins/com.st.stm32cube.ide.mcu.externaltools.gnu-tools-for-stm32.13.3.rel1.win32_1.0.0.202411081344/tools/bin/../lib/gcc/arm-none-eabi/13.3.1/../../../../arm-none-eabi/lib/thumb/v7e-m+fp/hard\libc_nano.a(libc_a-mlock.o)
                0x08005d88                __malloc_unlock
 .text.__sfputc_r
                0x08005d94       0x2e C:/ST/STM32CubeIDE_1.15.1/STM32CubeIDE/plugins/com.st.stm32cube.ide.mcu.externaltools.gnu-tools-for-stm32.13.3.rel1.win32_1.0.0.202411081344/tools/bin/../lib/gcc/arm-none-eabi/13.3.1/../../../../arm-none-eabi/lib/thumb/v7e-m+fp/hard\libc_nano.a(libc_a-nano-vfprintf.o)
 .text.__sfputs_r
                0x08005dc2       0x24 C:/ST/STM32CubeIDE_1.15.1/STM32CubeIDE/plugins/com.st.stm32cube.ide.mcu.externaltools.gnu-tools-for-stm32.13.3.rel1.win32_1.0.0.202411081344/tools/bin/../lib/gcc/arm-none-eabi/13.3.1/../../../../arm-none-eabi/lib/thumb/v7e-m+fp/hard\libc_nano.a(libc_a-nano-vfprintf.o)
                0x08005dc2                __sfputs_r
 *fill*         0x08005de6        0x2 
 .text._vfprintf_r
                0x08005de8      0x230 C:/ST/STM32CubeIDE_1.15.1/STM32CubeIDE/plugins/com.st.stm32cube.ide.mcu.externaltools.gnu-tools-for-stm32.13.3.rel1.win32_1.0.0.202411081344/tools/bin/../lib/gcc/arm-none-eabi/13.3.1/../../../../arm-none-eabi/lib/thumb/v7e-m+fp/hard\libc_nano.a(libc_a-nano-vfprintf.o)
                0x08005de8                _vfprintf_r
                0x08005de8                _vfiprintf_r
 .text._printf_common
                0x08006018       0xda C:/ST/STM32CubeIDE_1.15.1/STM32CubeIDE/plugins/com.st.stm32cube.ide.mcu.externaltools.gnu-tools-for-stm32.13.3.rel1.win32_1.0.0.202411081344/tools/bin/../lib/gcc/arm-none-eabi/13.3.1/../../../../arm-none-eabi/lib/thumb/v7e-m+fp/hard\libc_nano.a(libc_a-nano-vfprintf_i.o)
                0x08006018                _printf_common
 *fill*         0x080060f2        0x2 
 .text._printf_i
                0x080060f4      0x23c C:/ST/STM32CubeIDE_1.15.1/STM32CubeIDE/plugins/com.st.stm32cube.ide.mcu.externaltools.gnu-tools-for-stm32.13.3.rel1.win32_1.0.0.202411081344/tools/bin/../lib/gcc/arm-none-eabi/13.3.1/../../../../arm-none-eabi/lib/thumb/v7e-m+fp/hard\libc_nano.a(libc_a-nano-vfprintf_i.o)
                0x080060f4                _printf_i
 .text.__sflush_r
                0x08006330      0x108 C:/ST/STM32CubeIDE_1.15.1/STM32CubeIDE/plugins/com.st.stm32cube.ide.mcu.externaltools.gnu-tools-for-stm32.13.3.rel1.win32_1.0.0.202411081344/tools/bin/../lib/gcc/arm-none-eabi/13.3.1/../../../../arm-none-eabi/lib/thumb/v7e-m+fp/hard\libc_nano.a(libc_a-fflush.o)
                0x08006330                __sflush_r
 .text._fflush_r
                0x08006438       0x50 C:/ST/STM32CubeIDE_1.15.1/STM32CubeIDE/plugins/com.st.stm32cube.ide.mcu.externaltools.gnu-tools-for-stm32.13.3.rel1.win32_1.0.0.202411081344/tools/bin/../lib/gcc/arm-none-eabi/13.3.1/../../../../arm-none-eabi/lib/thumb/v7e-m+fp/hard\libc_nano.a(libc_a-fflush.o)
                0x08006438                _fflush_r
 .text.__swhatbuf_r
                0x08006488       0x4c C:/ST/STM32CubeIDE_1.15.1/STM32CubeIDE/plugins/com.st.stm32cube.ide.mcu.externaltools.gnu-tools-for-stm32.13.3.rel1.win32_1.0.0.202411081344/tools/bin/../lib/gcc/arm-none-eabi/13.3.1/../../../../arm-none-eabi/lib/thumb/v7e-m+fp/hard\libc_nano.a(libc_a-makebuf.o)
                0x08006488                __swhatbuf_r
 .text.__smakebuf_r
                0x080064d4       0x78 C:/ST/STM32CubeIDE_1.15.1/STM32CubeIDE/plugins/com.st.stm32cube.ide.mcu.externaltools.gnu-tools-for-stm32.13.3.rel1.win32_1.0.0.202411081344/tools/bin/../lib/gcc/arm-none-eabi/13.3.1/../../../../arm-none-eabi/lib/thumb/v7e-m+fp/hard\libc_nano.a(libc_a-makebuf.o)
                0x080064d4                __smakebuf_r
 .text._fstat_r
                0x0800654c       0x24 C:/ST/STM32CubeIDE_1.15.1/STM32CubeIDE/plugins/com.st.stm32cube.ide.mcu.externaltools.gnu-tools-for-stm32.13.3.rel1.win32_1.0.0.202411081344/tools/bin/../lib/gcc/arm-none-eabi/13.3.1/../../../../arm-none-eabi/lib/thumb/v7e-m+fp/hard\libc_nano.a(libc_a-fstatr.o)
                0x0800654c                _fstat_r
 .text._isatty_r
                0x08006570       0x20 C:/ST/STM32CubeIDE_1.15.1/STM32CubeIDE/plugins/com.st.stm32cube.ide.mcu.externaltools.gnu-tools-for-stm32.13.3.rel1.win32_1.0.0.202411081344/tools/bin/../lib/gcc/arm-none-eabi/13.3.1/../../../../arm-none-eabi/lib/thumb/v7e-m+fp/hard\libc_nano.a(libc_a-isattyr.o)
                0x08006570                _isatty_r
 .text._sbrk_r  0x08006590       0x20 C:/ST/STM32CubeIDE_1.15.1/STM32CubeIDE/plugins/com.st.stm32cube.ide.mcu.externaltools.gnu-tools-for-stm32.13.3.rel1.win32_1.0.0.202411081344/tools/bin/../lib/gcc/arm-none-eabi/13.3.1/../../../../arm-none-eabi/lib/thumb/v7e-m+fp/hard\libc_nano.a(libc_a-sbrkr.o)
                0x08006590                _sbrk_r
 *(.glue_7)
 .glue_7        0x080065b0        0x0 linker stubs
 *(.glue_7t)
 .glue_7t       0x080065b0        0x0 linker stubs
 *(.eh_frame)
 .eh_frame      0x080065b0        0x0 C:/ST/STM32CubeIDE_1.15.1/STM32CubeIDE/plugins/com.st.stm32cube.ide.mcu.externaltools.gnu-tools-for-stm32.13.3.rel1.win32_1.0.0.202411081344/tools/bin/../lib/gcc/arm-none-eabi/13.3.1/thumb/v7e-m+fp/hard/crtbegin.o
 *(.init)
 .init          0x080065b0        0x4 C:/ST/STM32CubeIDE_1.15.1/STM32CubeIDE/plugins/com.st.stm32cube.ide.mcu.externaltools.gnu-tools-for-stm32.13.3.rel1.win32_1.0.0.202411081344/tools/bin/../lib/gcc/arm-none-eabi/13.3.1/thumb/v7e-m+fp/hard/crti.o
                0x080065b0                _init
 .init          0x080065b4        0x8 C:/ST/STM32CubeIDE_1.15.1/STM32CubeIDE/plugins/com.st.stm32cube.ide.mcu.externaltools.gnu-tools-for-stm32.13.3.rel1.win32_1.0.0.202411081344/tools/bin/../lib/gcc/arm-none-eabi/13.3.1/thumb/v7e-m+fp/hard/crtn.o
 *(.fini)
 .fini          0x080065bc        0x4 C:/ST/STM32CubeIDE_1.15.1/STM32CubeIDE/plugins/com.st.stm32cube.ide.mcu.externaltools.gnu-tools-for-stm32.13.3.rel1.win32_1.0.0.202411081344/tools/bin/../lib/gcc/arm-none-eabi/13.3.1/thumb/v7e-m+fp/hard/crti.o
                0x080065bc                _fini
 .fini          0x080065c0        0x8 C:/ST/STM32CubeIDE_1.15.1/STM32CubeIDE/plugins/com.st.stm32cube.ide.mcu.externaltools.gnu-tools-for-stm32.13.3.rel1.win32_1.0.0.202411081344/tools/bin/../lib/gcc/arm-none-eabi/13.3.1/thumb/v7e-m+fp/hard/crtn.o
                0x080065c8                        . = ALIGN (0x4)
                0x080065c8                        _etext = .

.vfp11_veneer   0x080065c8        0x0
 .vfp11_veneer  0x080065c8        0x0 linker stubs

.v4_bx          0x080065c8        0x0
 .v4_bx         0x080065c8        0x0 linker stubs

.iplt           0x080065c8        0x0
 .iplt          0x080065c8        0x0 C:/ST/STM32CubeIDE_1.15.1/STM32CubeIDE/plugins/com.st.stm32cube.ide.mcu.externaltools.gnu-tools-for-stm32.13.3.rel1.win32_1.0.0.202411081344/tools/bin/../lib/gcc/arm-none-eabi/13.3.1/thumb/v7e-m+fp/hard/crtbegin.o

.rodata         0x080065c8      0x65c
                0x080065c8                        . = ALIGN (0x4)
 *(.rodata)
 .rodata        0x080065c8      0x41b ./Core/Src/main.o
 *fill*         0x080069e3        0x1 
 .rodata        0x080069e4       0x19 ./Core/Src/stm32f4xx_it.o
 *fill*         0x080069fd        0x3 
 .rodata        0x08006a00        0x8 C:\Users\vsaon\OneDrive\Documents\LabThermics\cybersecurity\cryptotest-sw-lt100\original_Test_STM32_CryptoLib\Test_STM32_CryptoLib\Middlewares\ST\STM32_Cryptographic\lib\libSTM32Cryptographic_CM4.a(cmox_cbc_aesfast_decrypt.c.o)
 .rodata        0x08006a08        0x4 C:\Users\vsaon\OneDrive\Documents\LabThermics\cybersecurity\cryptotest-sw-lt100\original_Test_STM32_CryptoLib\Test_STM32_CryptoLib\Middlewares\ST\STM32_Cryptographic\lib\libSTM32Cryptographic_CM4.a(cmox_cbc_aesfast_decrypt.c.o)
                0x08006a08                CMOX_AESFAST_CBC_DEC_ALGO
 .rodata        0x08006a0c        0x8 C:\Users\vsaon\OneDrive\Documents\LabThermics\cybersecurity\cryptotest-sw-lt100\original_Test_STM32_CryptoLib\Test_STM32_CryptoLib\Middlewares\ST\STM32_Cryptographic\lib\libSTM32Cryptographic_CM4.a(cmox_cbc_aesfast_encrypt.c.o)
 .rodata        0x08006a14        0x4 C:\Users\vsaon\OneDrive\Documents\LabThermics\cybersecurity\cryptotest-sw-lt100\original_Test_STM32_CryptoLib\Test_STM32_CryptoLib\Middlewares\ST\STM32_Cryptographic\lib\libSTM32Cryptographic_CM4.a(cmox_cbc_aesfast_encrypt.c.o)
                0x08006a14                CMOX_AESFAST_CBC_ENC_ALGO
 .rodata        0x08006a18       0x2c C:\Users\vsaon\OneDrive\Documents\LabThermics\cybersecurity\cryptotest-sw-lt100\original_Test_STM32_CryptoLib\Test_STM32_CryptoLib\Middlewares\ST\STM32_Cryptographic\lib\libSTM32Cryptographic_CM4.a(cmox_cbc_decrypt.c.o)
 .rodata        0x08006a44       0x2c C:\Users\vsaon\OneDrive\Documents\LabThermics\cybersecurity\cryptotest-sw-lt100\original_Test_STM32_CryptoLib\Test_STM32_CryptoLib\Middlewares\ST\STM32_Cryptographic\lib\libSTM32Cryptographic_CM4.a(cmox_cbc_encrypt.c.o)
 .rodata        0x08006a70        0x8 C:\Users\vsaon\OneDrive\Documents\LabThermics\cybersecurity\cryptotest-sw-lt100\original_Test_STM32_CryptoLib\Test_STM32_CryptoLib\Middlewares\ST\STM32_Cryptographic\lib\libSTM32Cryptographic_CM4.a(cmox_hmac_sha256.c.o)
 .rodata        0x08006a78        0x4 C:\Users\vsaon\OneDrive\Documents\LabThermics\cybersecurity\cryptotest-sw-lt100\original_Test_STM32_CryptoLib\Test_STM32_CryptoLib\Middlewares\ST\STM32_Cryptographic\lib\libSTM32Cryptographic_CM4.a(cmox_hmac_sha256.c.o)
                0x08006a78                CMOX_HMAC_SHA256_ALGO
 .rodata        0x08006a7c        0x8 C:\Users\vsaon\OneDrive\Documents\LabThermics\cybersecurity\cryptotest-sw-lt100\original_Test_STM32_CryptoLib\Test_STM32_CryptoLib\Middlewares\ST\STM32_Cryptographic\lib\libSTM32Cryptographic_CM4.a(cmox_init.c.o)
                0x08006a7c                cmox_table
 .rodata        0x08006a84      0x100 C:\Users\vsaon\OneDrive\Documents\LabThermics\cybersecurity\cryptotest-sw-lt100\original_Test_STM32_CryptoLib\Test_STM32_CryptoLib\Middlewares\ST\STM32_Cryptographic\lib\libSTM32Cryptographic_CM4.a(cmox_sha256_common.c.o)
 .rodata        0x08006b84       0x10 C:\Users\vsaon\OneDrive\Documents\LabThermics\cybersecurity\cryptotest-sw-lt100\original_Test_STM32_CryptoLib\Test_STM32_CryptoLib\Middlewares\ST\STM32_Cryptographic\lib\libSTM32Cryptographic_CM4.a(cmox_sha256_common.c.o)
                0x08006b84                CMOX_MD_SHA256_VTABLE_ST
 .rodata        0x08006b94        0x8 C:\Users\vsaon\OneDrive\Documents\LabThermics\cybersecurity\cryptotest-sw-lt100\original_Test_STM32_CryptoLib\Test_STM32_CryptoLib\Middlewares\ST\STM32_Cryptographic\lib\libSTM32Cryptographic_CM4.a(cmox_aesfast_decrypt.c.o)
 .rodata        0x08006b9c        0x4 C:\Users\vsaon\OneDrive\Documents\LabThermics\cybersecurity\cryptotest-sw-lt100\original_Test_STM32_CryptoLib\Test_STM32_CryptoLib\Middlewares\ST\STM32_Cryptographic\lib\libSTM32Cryptographic_CM4.a(cmox_aesfast_decrypt.c.o)
                0x08006b9c                CMOX_AESFAST_DECRYPT_VTABLE
 .rodata        0x08006ba0        0x8 C:\Users\vsaon\OneDrive\Documents\LabThermics\cybersecurity\cryptotest-sw-lt100\original_Test_STM32_CryptoLib\Test_STM32_CryptoLib\Middlewares\ST\STM32_Cryptographic\lib\libSTM32Cryptographic_CM4.a(cmox_aesfast_encrypt.c.o)
 .rodata        0x08006ba8        0x4 C:\Users\vsaon\OneDrive\Documents\LabThermics\cybersecurity\cryptotest-sw-lt100\original_Test_STM32_CryptoLib\Test_STM32_CryptoLib\Middlewares\ST\STM32_Cryptographic\lib\libSTM32Cryptographic_CM4.a(cmox_aesfast_encrypt.c.o)
                0x08006ba8                CMOX_AESFAST_ENCRYPT_VTABLE
 .rodata        0x08006bac        0x4 C:\Users\vsaon\OneDrive\Documents\LabThermics\cybersecurity\cryptotest-sw-lt100\original_Test_STM32_CryptoLib\Test_STM32_CryptoLib\Middlewares\ST\STM32_Cryptographic\lib\libSTM32Cryptographic_CM4.a(cmox_utils_compare.c.o)
                0x08006bac                cmox_utils_robustCmp_bt_bb
 .rodata        0x08006bb0       0x28 C:\Users\vsaon\OneDrive\Documents\LabThermics\cybersecurity\cryptotest-sw-lt100\original_Test_STM32_CryptoLib\Test_STM32_CryptoLib\Middlewares\ST\STM32_Cryptographic\lib\libSTM32Cryptographic_CM4.a(cmox_aes_common.c.o)
 *(.rodata*)
 .rodata.AHBPrescTable
                0x08006bd8       0x10 ./Core/Src/system_stm32f4xx.o
                0x08006bd8                AHBPrescTable
 .rodata.APBPrescTable
                0x08006be8        0x8 ./Core/Src/system_stm32f4xx.o
                0x08006be8                APBPrescTable
 .rodata._vfprintf_r.str1.1
                0x08006bf0       0x33 C:/ST/STM32CubeIDE_1.15.1/STM32CubeIDE/plugins/com.st.stm32cube.ide.mcu.externaltools.gnu-tools-for-stm32.13.3.rel1.win32_1.0.0.202411081344/tools/bin/../lib/gcc/arm-none-eabi/13.3.1/../../../../arm-none-eabi/lib/thumb/v7e-m+fp/hard\libc_nano.a(libc_a-nano-vfprintf.o)
                                 0x11 (size before relaxing)
 .rodata._printf_i.str1.1
                0x08006c23       0x22 C:/ST/STM32CubeIDE_1.15.1/STM32CubeIDE/plugins/com.st.stm32cube.ide.mcu.externaltools.gnu-tools-for-stm32.13.3.rel1.win32_1.0.0.202411081344/tools/bin/../lib/gcc/arm-none-eabi/13.3.1/../../../../arm-none-eabi/lib/thumb/v7e-m+fp/hard\libc_nano.a(libc_a-nano-vfprintf_i.o)
                0x08006c48                        . = ALIGN (0x4)
 *fill*         0x08006c23        0x1 

CMOX_CTA_PROTECTED_DATA
                0x08006c24      0xa00
 CMOX_CTA_PROTECTED_DATA
                0x08006c24      0x400 C:\Users\vsaon\OneDrive\Documents\LabThermics\cybersecurity\cryptotest-sw-lt100\original_Test_STM32_CryptoLib\Test_STM32_CryptoLib\Middlewares\ST\STM32_Cryptographic\lib\libSTM32Cryptographic_CM4.a(cmox_aesfast_decrypt.c.o)
 CMOX_CTA_PROTECTED_DATA
                0x08007024      0x400 C:\Users\vsaon\OneDrive\Documents\LabThermics\cybersecurity\cryptotest-sw-lt100\original_Test_STM32_CryptoLib\Test_STM32_CryptoLib\Middlewares\ST\STM32_Cryptographic\lib\libSTM32Cryptographic_CM4.a(cmox_aesfast_encrypt.c.o)
                0x08007024                CMOX_AES_ENC_TABLE
 CMOX_CTA_PROTECTED_DATA
                0x08007424      0x100 C:\Users\vsaon\OneDrive\Documents\LabThermics\cybersecurity\cryptotest-sw-lt100\original_Test_STM32_CryptoLib\Test_STM32_CryptoLib\Middlewares\ST\STM32_Cryptographic\lib\libSTM32Cryptographic_CM4.a(cmox_aes_common.c.o)
                0x08007424                CMOX_AES_SBOX
 CMOX_CTA_PROTECTED_DATA
                0x08007524      0x100 C:\Users\vsaon\OneDrive\Documents\LabThermics\cybersecurity\cryptotest-sw-lt100\original_Test_STM32_CryptoLib\Test_STM32_CryptoLib\Middlewares\ST\STM32_Cryptographic\lib\libSTM32Cryptographic_CM4.a(cmox_aes_common.c.o)
                0x08007524                CMOX_AES_INV_SBOX

.ARM.extab      0x08007624        0x0
                0x08007624                        . = ALIGN (0x4)
 *(.ARM.extab* .gnu.linkonce.armextab.*)
                0x08007624                        . = ALIGN (0x4)

.ARM            0x08007624        0x8
                0x08007624                        . = ALIGN (0x4)
                0x08007624                        __exidx_start = .
 *(.ARM.exidx*)
 .ARM.exidx     0x08007624        0x8 C:/ST/STM32CubeIDE_1.15.1/STM32CubeIDE/plugins/com.st.stm32cube.ide.mcu.externaltools.gnu-tools-for-stm32.13.3.rel1.win32_1.0.0.202411081344/tools/bin/../lib/gcc/arm-none-eabi/13.3.1/../../../../arm-none-eabi/lib/thumb/v7e-m+fp/hard\libc_nano.a(libc_a-aeabi_memset-soft.o)
 .ARM.exidx     0x0800762c        0x0 C:/ST/STM32CubeIDE_1.15.1/STM32CubeIDE/plugins/com.st.stm32cube.ide.mcu.externaltools.gnu-tools-for-stm32.13.3.rel1.win32_1.0.0.202411081344/tools/bin/../lib/gcc/arm-none-eabi/13.3.1/../../../../arm-none-eabi/lib/thumb/v7e-m+fp/hard\libc_nano.a(libc_a-memchr.o)
                                  0x8 (size before relaxing)
 .ARM.exidx     0x0800762c        0x0 C:/ST/STM32CubeIDE_1.15.1/STM32CubeIDE/plugins/com.st.stm32cube.ide.mcu.externaltools.gnu-tools-for-stm32.13.3.rel1.win32_1.0.0.202411081344/tools/bin/../lib/gcc/arm-none-eabi/13.3.1/thumb/v7e-m+fp/hard\libgcc.a(_udivmoddi4.o)
                                  0x8 (size before relaxing)
                0x0800762c                        __exidx_end = .
                0x0800762c                        . = ALIGN (0x4)

.preinit_array  0x0800762c        0x0
                0x0800762c                        . = ALIGN (0x4)
                0x0800762c                        PROVIDE (__preinit_array_start = .)
 *(.preinit_array*)
                0x0800762c                        PROVIDE (__preinit_array_end = .)
                0x0800762c                        . = ALIGN (0x4)

.init_array     0x0800762c        0x4
                0x0800762c                        . = ALIGN (0x4)
                0x0800762c                        PROVIDE (__init_array_start = .)
 *(SORT_BY_NAME(.init_array.*))
 *(.init_array*)
 .init_array    0x0800762c        0x4 C:/ST/STM32CubeIDE_1.15.1/STM32CubeIDE/plugins/com.st.stm32cube.ide.mcu.externaltools.gnu-tools-for-stm32.13.3.rel1.win32_1.0.0.202411081344/tools/bin/../lib/gcc/arm-none-eabi/13.3.1/thumb/v7e-m+fp/hard/crtbegin.o
                0x08007630                        PROVIDE (__init_array_end = .)
                0x08007630                        . = ALIGN (0x4)

.fini_array     0x08007630        0x4
                0x08007630                        . = ALIGN (0x4)
                [!provide]                        PROVIDE (__fini_array_start = .)
 *(SORT_BY_NAME(.fini_array.*))
 *(.fini_array*)
 .fini_array    0x08007630        0x4 C:/ST/STM32CubeIDE_1.15.1/STM32CubeIDE/plugins/com.st.stm32cube.ide.mcu.externaltools.gnu-tools-for-stm32.13.3.rel1.win32_1.0.0.202411081344/tools/bin/../lib/gcc/arm-none-eabi/13.3.1/thumb/v7e-m+fp/hard/crtbegin.o
                [!provide]                        PROVIDE (__fini_array_end = .)
                0x08007634                        . = ALIGN (0x4)
                0x08007634                        _sidata = LOADADDR (.data)

.rel.dyn        0x08007634        0x0
 .rel.iplt      0x08007634        0x0 C:/ST/STM32CubeIDE_1.15.1/STM32CubeIDE/plugins/com.st.stm32cube.ide.mcu.externaltools.gnu-tools-for-stm32.13.3.rel1.win32_1.0.0.202411081344/tools/bin/../lib/gcc/arm-none-eabi/13.3.1/thumb/v7e-m+fp/hard/crtbegin.o

.data           0x20000000       0xe8 load address 0x08007634
                0x20000000                        . = ALIGN (0x4)
                0x20000000                        _sdata = .
 *(.data)
 *(.data*)
 .data.aes_key  0x20000000       0x10 ./Core/Src/main.o
                0x20000000                aes_key
 .data.aes_iv   0x20000010       0x10 ./Core/Src/main.o
                0x20000010                aes_iv
 .data.hmac_key
                0x20000020       0x10 ./Core/Src/main.o
                0x20000020                hmac_key
 .data.N_msg    0x20000030        0x7 ./Core/Src/main.o
                0x20000030                N_msg
 *fill*         0x20000037        0x1 
 .data.T_msg    0x20000038       0x46 ./Core/Src/main.o
                0x20000038                T_msg
 *fill*         0x2000007e        0x2 
 .data.SystemCoreClock
                0x20000080        0x4 ./Core/Src/system_stm32f4xx.o
                0x20000080                SystemCoreClock
 .data.uwTickPrio
                0x20000084        0x4 ./Drivers/STM32F4xx_HAL_Driver/Src/stm32f4xx_hal.o
                0x20000084                uwTickPrio
 .data.uwTickFreq
                0x20000088        0x1 ./Drivers/STM32F4xx_HAL_Driver/Src/stm32f4xx_hal.o
                0x20000088                uwTickFreq
 *fill*         0x20000089        0x3 
 .data.__sglue  0x2000008c        0xc C:/ST/STM32CubeIDE_1.15.1/STM32CubeIDE/plugins/com.st.stm32cube.ide.mcu.externaltools.gnu-tools-for-stm32.13.3.rel1.win32_1.0.0.202411081344/tools/bin/../lib/gcc/arm-none-eabi/13.3.1/../../../../arm-none-eabi/lib/thumb/v7e-m+fp/hard\libc_nano.a(libc_a-findfp.o)
                0x2000008c                __sglue
 .data._impure_ptr
                0x20000098        0x4 C:/ST/STM32CubeIDE_1.15.1/STM32CubeIDE/plugins/com.st.stm32cube.ide.mcu.externaltools.gnu-tools-for-stm32.13.3.rel1.win32_1.0.0.202411081344/tools/bin/../lib/gcc/arm-none-eabi/13.3.1/../../../../arm-none-eabi/lib/thumb/v7e-m+fp/hard\libc_nano.a(libc_a-impure.o)
                0x20000098                _impure_ptr
 .data._impure_data
                0x2000009c       0x4c C:/ST/STM32CubeIDE_1.15.1/STM32CubeIDE/plugins/com.st.stm32cube.ide.mcu.externaltools.gnu-tools-for-stm32.13.3.rel1.win32_1.0.0.202411081344/tools/bin/../lib/gcc/arm-none-eabi/13.3.1/../../../../arm-none-eabi/lib/thumb/v7e-m+fp/hard\libc_nano.a(libc_a-impure.o)
                0x2000009c                _impure_data
 *(.RamFunc)
 *(.RamFunc*)
                0x200000e8                        . = ALIGN (0x4)
                0x200000e8                        _edata = .

.igot.plt       0x200000e8        0x0 load address 0x0800771c
 .igot.plt      0x200000e8        0x0 C:/ST/STM32CubeIDE_1.15.1/STM32CubeIDE/plugins/com.st.stm32cube.ide.mcu.externaltools.gnu-tools-for-stm32.13.3.rel1.win32_1.0.0.202411081344/tools/bin/../lib/gcc/arm-none-eabi/13.3.1/thumb/v7e-m+fp/hard/crtbegin.o
                0x200000e8                        . = ALIGN (0x4)

.bss            0x200000e8      0x350 load address 0x0800771c
                0x200000e8                        _sbss = .
                0x200000e8                        __bss_start__ = _sbss
 *(.bss)
 .bss           0x200000e8       0x1c C:/ST/STM32CubeIDE_1.15.1/STM32CubeIDE/plugins/com.st.stm32cube.ide.mcu.externaltools.gnu-tools-for-stm32.13.3.rel1.win32_1.0.0.202411081344/tools/bin/../lib/gcc/arm-none-eabi/13.3.1/thumb/v7e-m+fp/hard/crtbegin.o
 .bss           0x20000104        0x1 C:\Users\vsaon\OneDrive\Documents\LabThermics\cybersecurity\cryptotest-sw-lt100\original_Test_STM32_CryptoLib\Test_STM32_CryptoLib\Middlewares\ST\STM32_Cryptographic\lib\libSTM32Cryptographic_CM4.a(cmox_init.c.o)
                0x20000104                cmox_init_ctxi
 *(.bss*)
 *fill*         0x20000105        0x3 
 .bss.hcrc      0x20000108        0x8 ./Core/Src/main.o
                0x20000108                hcrc
 .bss.huart2    0x20000110       0x48 ./Core/Src/main.o
                0x20000110                huart2
 .bss.is_data_to_enc
                0x20000158        0x1 ./Core/Src/main.o
                0x20000158                is_data_to_enc
 .bss.is_data_to_dec
                0x20000159        0x1 ./Core/Src/main.o
                0x20000159                is_data_to_dec
 *fill*         0x2000015a        0x2 
 .bss.cadena    0x2000015c       0x64 ./Core/Src/main.o
                0x2000015c                cadena
 .bss.dec_msg   0x200001c0       0x50 ./Core/Src/main.o
                0x200001c0                dec_msg
 .bss.should_use_T
                0x20000210        0x1 ./Core/Src/main.o
                0x20000210                should_use_T
 *fill*         0x20000211        0x3 
 .bss.tx_buf    0x20000214       0x64 ./Core/Src/main.o
                0x20000214                tx_buf
 .bss.tx_buf_enc
                0x20000278       0x64 ./Core/Src/main.o
                0x20000278                tx_buf_enc
 .bss.tx_buf_size
                0x200002dc        0x4 ./Core/Src/main.o
                0x200002dc                tx_buf_size
 .bss.tx_buf_enc_size
                0x200002e0        0x4 ./Core/Src/main.o
                0x200002e0                tx_buf_enc_size
 .bss.__sbrk_heap_end
                0x200002e4        0x4 ./Core/Src/sysmem.o
 .bss.uwTick    0x200002e8        0x4 ./Drivers/STM32F4xx_HAL_Driver/Src/stm32f4xx_hal.o
                0x200002e8                uwTick
 .bss.__sf      0x200002ec      0x138 C:/ST/STM32CubeIDE_1.15.1/STM32CubeIDE/plugins/com.st.stm32cube.ide.mcu.externaltools.gnu-tools-for-stm32.13.3.rel1.win32_1.0.0.202411081344/tools/bin/../lib/gcc/arm-none-eabi/13.3.1/../../../../arm-none-eabi/lib/thumb/v7e-m+fp/hard\libc_nano.a(libc_a-findfp.o)
                0x200002ec                __sf
 .bss.__stdio_exit_handler
                0x20000424        0x4 C:/ST/STM32CubeIDE_1.15.1/STM32CubeIDE/plugins/com.st.stm32cube.ide.mcu.externaltools.gnu-tools-for-stm32.13.3.rel1.win32_1.0.0.202411081344/tools/bin/../lib/gcc/arm-none-eabi/13.3.1/../../../../arm-none-eabi/lib/thumb/v7e-m+fp/hard\libc_nano.a(libc_a-findfp.o)
                0x20000424                __stdio_exit_handler
 .bss.errno     0x20000428        0x4 C:/ST/STM32CubeIDE_1.15.1/STM32CubeIDE/plugins/com.st.stm32cube.ide.mcu.externaltools.gnu-tools-for-stm32.13.3.rel1.win32_1.0.0.202411081344/tools/bin/../lib/gcc/arm-none-eabi/13.3.1/../../../../arm-none-eabi/lib/thumb/v7e-m+fp/hard\libc_nano.a(libc_a-reent.o)
                0x20000428                errno
 .bss.__lock___malloc_recursive_mutex
                0x2000042c        0x1 C:/ST/STM32CubeIDE_1.15.1/STM32CubeIDE/plugins/com.st.stm32cube.ide.mcu.externaltools.gnu-tools-for-stm32.13.3.rel1.win32_1.0.0.202411081344/tools/bin/../lib/gcc/arm-none-eabi/13.3.1/../../../../arm-none-eabi/lib/thumb/v7e-m+fp/hard\libc_nano.a(libc_a-lock.o)
                0x2000042c                __lock___malloc_recursive_mutex
 .bss.__lock___sfp_recursive_mutex
                0x2000042d        0x1 C:/ST/STM32CubeIDE_1.15.1/STM32CubeIDE/plugins/com.st.stm32cube.ide.mcu.externaltools.gnu-tools-for-stm32.13.3.rel1.win32_1.0.0.202411081344/tools/bin/../lib/gcc/arm-none-eabi/13.3.1/../../../../arm-none-eabi/lib/thumb/v7e-m+fp/hard\libc_nano.a(libc_a-lock.o)
                0x2000042d                __lock___sfp_recursive_mutex
 *fill*         0x2000042e        0x2 
 .bss.__malloc_sbrk_start
                0x20000430        0x4 C:/ST/STM32CubeIDE_1.15.1/STM32CubeIDE/plugins/com.st.stm32cube.ide.mcu.externaltools.gnu-tools-for-stm32.13.3.rel1.win32_1.0.0.202411081344/tools/bin/../lib/gcc/arm-none-eabi/13.3.1/../../../../arm-none-eabi/lib/thumb/v7e-m+fp/hard\libc_nano.a(libc_a-mallocr.o)
                0x20000430                __malloc_sbrk_start
 .bss.__malloc_free_list
                0x20000434        0x4 C:/ST/STM32CubeIDE_1.15.1/STM32CubeIDE/plugins/com.st.stm32cube.ide.mcu.externaltools.gnu-tools-for-stm32.13.3.rel1.win32_1.0.0.202411081344/tools/bin/../lib/gcc/arm-none-eabi/13.3.1/../../../../arm-none-eabi/lib/thumb/v7e-m+fp/hard\libc_nano.a(libc_a-mallocr.o)
                0x20000434                __malloc_free_list
 *(COMMON)
                0x20000438                        . = ALIGN (0x4)
                0x20000438                        _ebss = .
                0x20000438                        __bss_end__ = _ebss

._user_heap_stack
                0x20000438      0x400 load address 0x0800771c
                0x20000438                        . = ALIGN (0x8)
                [!provide]                        PROVIDE (end = .)
                0x20000438                        PROVIDE (_end = .)
                0x20000638                        . = (. + _Min_Heap_Size)
 *fill*         0x20000438      0x200 
                0x20000838                        . = (. + _Min_Stack_Size)
 *fill*         0x20000638      0x200 
                0x20000838                        . = ALIGN (0x8)

/DISCARD/
 libc.a(*)
 libm.a(*)
 libgcc.a(*)

.ARM.attributes
                0x00000000       0x34
 *(.ARM.attributes)
 .ARM.attributes
                0x00000000       0x22 C:/ST/STM32CubeIDE_1.15.1/STM32CubeIDE/plugins/com.st.stm32cube.ide.mcu.externaltools.gnu-tools-for-stm32.13.3.rel1.win32_1.0.0.202411081344/tools/bin/../lib/gcc/arm-none-eabi/13.3.1/thumb/v7e-m+fp/hard/crti.o
 .ARM.attributes
                0x00000022       0x34 C:/ST/STM32CubeIDE_1.15.1/STM32CubeIDE/plugins/com.st.stm32cube.ide.mcu.externaltools.gnu-tools-for-stm32.13.3.rel1.win32_1.0.0.202411081344/tools/bin/../lib/gcc/arm-none-eabi/13.3.1/thumb/v7e-m+fp/hard/crtbegin.o
 .ARM.attributes
                0x00000056       0x34 ./Core/Src/cmox_low_level.o
 .ARM.attributes
                0x0000008a       0x34 ./Core/Src/main.o
 .ARM.attributes
                0x000000be       0x34 ./Core/Src/stm32f4xx_hal_msp.o
 .ARM.attributes
                0x000000f2       0x34 ./Core/Src/stm32f4xx_it.o
 .ARM.attributes
                0x00000126       0x34 ./Core/Src/syscalls.o
 .ARM.attributes
                0x0000015a       0x34 ./Core/Src/sysmem.o
 .ARM.attributes
                0x0000018e       0x34 ./Core/Src/system_stm32f4xx.o
 .ARM.attributes
                0x000001c2       0x21 ./Core/Startup/startup_stm32f401retx.o
 .ARM.attributes
                0x000001e3       0x34 ./Drivers/STM32F4xx_HAL_Driver/Src/stm32f4xx_hal.o
 .ARM.attributes
                0x00000217       0x34 ./Drivers/STM32F4xx_HAL_Driver/Src/stm32f4xx_hal_cortex.o
 .ARM.attributes
                0x0000024b       0x34 ./Drivers/STM32F4xx_HAL_Driver/Src/stm32f4xx_hal_crc.o
 .ARM.attributes
                0x0000027f       0x34 ./Drivers/STM32F4xx_HAL_Driver/Src/stm32f4xx_hal_dma.o
 .ARM.attributes
                0x000002b3       0x34 ./Drivers/STM32F4xx_HAL_Driver/Src/stm32f4xx_hal_gpio.o
 .ARM.attributes
                0x000002e7       0x34 ./Drivers/STM32F4xx_HAL_Driver/Src/stm32f4xx_hal_rcc.o
 .ARM.attributes
                0x0000031b       0x34 ./Drivers/STM32F4xx_HAL_Driver/Src/stm32f4xx_hal_uart.o
 .ARM.attributes
                0x0000034f       0x4e C:\Users\vsaon\OneDrive\Documents\LabThermics\cybersecurity\cryptotest-sw-lt100\original_Test_STM32_CryptoLib\Test_STM32_CryptoLib\Middlewares\ST\STM32_Cryptographic\lib\libSTM32Cryptographic_CM4.a(cmox_cbc_aesfast_decrypt.c.o)
 .ARM.attributes
                0x0000039d       0x4e C:\Users\vsaon\OneDrive\Documents\LabThermics\cybersecurity\cryptotest-sw-lt100\original_Test_STM32_CryptoLib\Test_STM32_CryptoLib\Middlewares\ST\STM32_Cryptographic\lib\libSTM32Cryptographic_CM4.a(cmox_cbc_aesfast_encrypt.c.o)
 .ARM.attributes
                0x000003eb       0x50 C:\Users\vsaon\OneDrive\Documents\LabThermics\cybersecurity\cryptotest-sw-lt100\original_Test_STM32_CryptoLib\Test_STM32_CryptoLib\Middlewares\ST\STM32_Cryptographic\lib\libSTM32Cryptographic_CM4.a(cmox_cbc_common.c.o)
 .ARM.attributes
                0x0000043b       0x4e C:\Users\vsaon\OneDrive\Documents\LabThermics\cybersecurity\cryptotest-sw-lt100\original_Test_STM32_CryptoLib\Test_STM32_CryptoLib\Middlewares\ST\STM32_Cryptographic\lib\libSTM32Cryptographic_CM4.a(cmox_cbc_decrypt.c.o)
 .ARM.attributes
                0x00000489       0x4e C:\Users\vsaon\OneDrive\Documents\LabThermics\cybersecurity\cryptotest-sw-lt100\original_Test_STM32_CryptoLib\Test_STM32_CryptoLib\Middlewares\ST\STM32_Cryptographic\lib\libSTM32Cryptographic_CM4.a(cmox_cbc_encrypt.c.o)
 .ARM.attributes
                0x000004d7       0x50 C:\Users\vsaon\OneDrive\Documents\LabThermics\cybersecurity\cryptotest-sw-lt100\original_Test_STM32_CryptoLib\Test_STM32_CryptoLib\Middlewares\ST\STM32_Cryptographic\lib\libSTM32Cryptographic_CM4.a(cmox_cipher.c.o)
 .ARM.attributes
                0x00000527       0x4e C:\Users\vsaon\OneDrive\Documents\LabThermics\cybersecurity\cryptotest-sw-lt100\original_Test_STM32_CryptoLib\Test_STM32_CryptoLib\Middlewares\ST\STM32_Cryptographic\lib\libSTM32Cryptographic_CM4.a(cmox_cipher_modes.c.o)
 .ARM.attributes
                0x00000575       0x50 C:\Users\vsaon\OneDrive\Documents\LabThermics\cybersecurity\cryptotest-sw-lt100\original_Test_STM32_CryptoLib\Test_STM32_CryptoLib\Middlewares\ST\STM32_Cryptographic\lib\libSTM32Cryptographic_CM4.a(cmox_cipher_utils.c.o)
 .ARM.attributes
                0x000005c5       0x4e C:\Users\vsaon\OneDrive\Documents\LabThermics\cybersecurity\cryptotest-sw-lt100\original_Test_STM32_CryptoLib\Test_STM32_CryptoLib\Middlewares\ST\STM32_Cryptographic\lib\libSTM32Cryptographic_CM4.a(cmox_hmac_sha256.c.o)
 .ARM.attributes
                0x00000613       0x4e C:\Users\vsaon\OneDrive\Documents\LabThermics\cybersecurity\cryptotest-sw-lt100\original_Test_STM32_CryptoLib\Test_STM32_CryptoLib\Middlewares\ST\STM32_Cryptographic\lib\libSTM32Cryptographic_CM4.a(cmox_init.c.o)
 .ARM.attributes
                0x00000661       0x50 C:\Users\vsaon\OneDrive\Documents\LabThermics\cybersecurity\cryptotest-sw-lt100\original_Test_STM32_CryptoLib\Test_STM32_CryptoLib\Middlewares\ST\STM32_Cryptographic\lib\libSTM32Cryptographic_CM4.a(cmox_mac.c.o)
 .ARM.attributes
                0x000006b1       0x4e C:\Users\vsaon\OneDrive\Documents\LabThermics\cybersecurity\cryptotest-sw-lt100\original_Test_STM32_CryptoLib\Test_STM32_CryptoLib\Middlewares\ST\STM32_Cryptographic\lib\libSTM32Cryptographic_CM4.a(cmox_sha256.c.o)
 .ARM.attributes
                0x000006ff       0x4e C:\Users\vsaon\OneDrive\Documents\LabThermics\cybersecurity\cryptotest-sw-lt100\original_Test_STM32_CryptoLib\Test_STM32_CryptoLib\Middlewares\ST\STM32_Cryptographic\lib\libSTM32Cryptographic_CM4.a(cmox_sha256_common.c.o)
 .ARM.attributes
                0x0000074d       0x4e C:\Users\vsaon\OneDrive\Documents\LabThermics\cybersecurity\cryptotest-sw-lt100\original_Test_STM32_CryptoLib\Test_STM32_CryptoLib\Middlewares\ST\STM32_Cryptographic\lib\libSTM32Cryptographic_CM4.a(cmox_aesfast_decrypt.c.o)
 .ARM.attributes
                0x0000079b       0x4e C:\Users\vsaon\OneDrive\Documents\LabThermics\cybersecurity\cryptotest-sw-lt100\original_Test_STM32_CryptoLib\Test_STM32_CryptoLib\Middlewares\ST\STM32_Cryptographic\lib\libSTM32Cryptographic_CM4.a(cmox_aesfast_encrypt.c.o)
 .ARM.attributes
                0x000007e9       0x50 C:\Users\vsaon\OneDrive\Documents\LabThermics\cybersecurity\cryptotest-sw-lt100\original_Test_STM32_CryptoLib\Test_STM32_CryptoLib\Middlewares\ST\STM32_Cryptographic\lib\libSTM32Cryptographic_CM4.a(cmox_hash.c.o)
 .ARM.attributes
                0x00000839       0x4e C:\Users\vsaon\OneDrive\Documents\LabThermics\cybersecurity\cryptotest-sw-lt100\original_Test_STM32_CryptoLib\Test_STM32_CryptoLib\Middlewares\ST\STM32_Cryptographic\lib\libSTM32Cryptographic_CM4.a(cmox_hmac.c.o)
 .ARM.attributes
                0x00000887       0x4e C:\Users\vsaon\OneDrive\Documents\LabThermics\cybersecurity\cryptotest-sw-lt100\original_Test_STM32_CryptoLib\Test_STM32_CryptoLib\Middlewares\ST\STM32_Cryptographic\lib\libSTM32Cryptographic_CM4.a(cmox_md.c.o)
 .ARM.attributes