../Core/Inc/Cryptolib.h:70:9:Cryptolib_Init	16	static
../Core/Inc/Cryptolib.h:95:9:Cryptolib_Encrypt	80	static
../Core/Inc/Cryptolib.h:178:9:Cryptolib_Decrypt	104	static
../Core/Inc/Cryptolib.h:269:9:Cryptolib_SetKeys	24	static
../Core/Src/main.c:127:5:main	32	static
../Core/Src/main.c:216:6:SystemClock_Config	88	static
../Core/Src/main.c:263:13:MX_CRC_Init	8	static
../Core/Src/main.c:289:13:MX_USART2_UART_Init	8	static
../Core/Src/main.c:322:13:MX_GPIO_Init	48	static
../Core/Src/main.c:362:13:CPU_CACHE_Enable	4	static
../Core/Src/main.c:378:9:EncryptData	40	static
../Core/Src/main.c:408:9:DecryptData	40	static
../Core/Src/main.c:435:6:TestCryptolib	456	static
../Core/Src/main.c:496:6:TestCryptolibDecrypt	224	static
../Core/Src/main.c:518:6:TestEncDec	80	static
../Core/Src/main.c:664:6:TestHmac	56	static
../Core/Src/main.c:795:6:HAL_UART_RxCpltCallback	16	static
../Core/Src/main.c:810:1:__io_putchar	16	static
../Core/Src/main.c:825:6:Error_Handler	8	static,ignoring_inline_asm
